******************************************************************************
                  TI ARM Linker PC v16.9.6                     
******************************************************************************
>> Linked Thu May 27 18:36:26 2021

OUTPUT FILE NAME:   <xwr18xx_mmw_demo_mss_isk.xer4f>
ENTRY POINT SYMBOL: "_c_int00"  address: 000188ac


MEMORY CONFIGURATION

         name            origin    length      used     unused   attr    fill
----------------------  --------  ---------  --------  --------  ----  --------
PAGE 0:
  VECTORS               00000000   00000100  0000003c  000000c4     X
  PROG_RAM              00000100   0007ff00  0002007a  0005fe86  R  X
  DATA_RAM              08000000   00030000  0000e754  000218ac  RW  
  L3_RAM                51000000   000c0000  00000000  000c0000  RW  
  HWA_RAM               52030000   00010000  00000000  00010000  RW  
  HS_RAM                52080000   00008000  00000000  00008000  RW  

PAGE 1:
  L3_RAM                51000000   000c0000  00000000  000c0000  RW  


SEGMENT ALLOCATION MAP

run origin  load origin   length   init length attrs members
----------  ----------- ---------- ----------- ----- -------
00000000    00000000    0000003c   0000003c    r--
  00000000    00000000    0000003c   0000003c    r-- .vecs
00000100    00000100    00020080   00020080    r-x
  00000100    00000100    0001ea62   0001ea62    r-x .text
  0001eb68    0001eb68    000010b0   000010b0    r-- .const
  0001fc18    0001fc18    00000568   00000568    r-- .cinit
08000000    08000000    0000e758   00000000    rw-
  08000000    08000000    00008000   00000000    rw- systemHeap
  08008000    08008000    00003344   00000000    rw- .bss
  0800b348    0800b348    00002410   00000000    rw- .data
  0800d758    0800d758    00000800   00000000    rw- .myFiqStack
  0800df58    0800df58    00000800   00000000    rw- .stack


SECTION ALLOCATION MAP

 output                                  attributes/
section   page    origin      length       input sections
--------  ----  ----------  ----------   ----------------
systemHeap 
*          0    08000000    00008000     UNINITIALIZED
                  08000000    00008000     mmw_mss_per4ft.oer4ft (systemHeap)

.vecs      0    00000000    0000003c     
                  00000000    0000003c     mmw_mss_per4ft.oer4ft (.vecs)

.text      0    00000100    0001ea62     
                  00000100    0000107a     rtsv7R4_T_le_v3D16_eabi.lib : _printfi.obj (.text)
                  0000117a    00000002     libadcbuf_xwr18xx.aer4f : adcbuf_mmwave.oer4f (.text:ADCBUF_MMWave_init)
                  0000117c    00000898     rtsv7R4_T_le_v3D16_eabi.lib : _scanfi.obj (.text)
                  00001a14    000007a4     mss_main.oer4f (.text:MmwDemo_dataPathConfig)
                  000021b8    0000069a     mmw_cli.oer4f (.text:MmwDemo_CLIInit)
                  00002852    00000002     libdma_xwr18xx.aer4f : dma.oer4f (.text:DMA_init)
                  00002854    00000674     mss_main.oer4f (.text:MmwDemo_initTask)
                  00002ec8    00000614     libspi_xwr18xx.aer4f : mibspi_dma.oer4f (.text:MIBSPI_open)
                  000034dc    0000059e     mss_main.oer4f (.text:MmwDemo_openSensor)
                  00003a7a    00000006     libosal_xwr18xx.aer4f : CycleprofilerP_tirtos.oer4f (.text:CycleprofilerP_getTimeStamp)
                  00003a80    000004e1     sysbios.aer4ft : BIOS.obj (.text:xdc_runtime_System_doPrint__I)
                  00003f61    00000001     --HOLE-- [fill = 0]
                  00003f62    00000002     libspi_xwr18xx.aer4f : mibspi_dma.oer4f (.text:MIBSPI_init)
                  00003f64    000004a8     libadcbuf_xwr18xx.aer4f : adcbuf_mmwave.oer4f (.text:ADCBUF_MMWave_control)
                  0000440c    0000043c     mmwdemo_rfparser.oer4f (.text:MmwDemo_RFParser_parseCtrlConfig)
                  00004848    00000430     mss_main.oer4f (.text:MmwDemo_handleObjectDetResult)
                  00004c78    00000414     libcli_xwr18xx.aer4f : cli_mmwave.oer4f (.text:CLI_MMWaveVersion)
                  0000508c    000003fd     mmw_cli.oer4f (.text:MmwDemo_CLISensorStart)
                  00005489    00000001     --HOLE-- [fill = 0]
                  0000548a    00000370     libspi_xwr18xx.aer4f : mibspi_dma.oer4f (.text:MIBSPI_dataTransfer)
                  000057fa    00000002                          : mibspi_dma.oer4f (.text:MIBSPI_serviceISR)
                  000057fc    00000328     mss_main.oer4f (.text:MmwDemo_processPendingDynamicCfgCommands)
                  00005b24    00000308     libsoc_xwr18xx.aer4f : soc_xwr18xx_mss.oer4f (.text:SOC_deviceInit)
                  00005e2c    000002f8     libcbuff_xwr18xx.aer4f : cbuff.oer4f (.text:CBUFF_createSession)
                  00006124    0000000c     libcli_xwr18xx.aer4f : cli_mmwave.oer4f (.text:CLI_getMMWaveExtensionConfig)
                  00006130    000002f4     sysbios.aer4ft : BIOS.obj (.text:ti_sysbios_knl_Semaphore_pend__E)
                  00006424    0000000c     libedma_xwr18xx.aer4f : edma_low_level.oer4f (.text:EDMA3ChannelToParamMap)
                  00006430    000002cc     sysbios.aer4ft : BIOS.obj (.text:ti_sysbios_knl_Task_Instance_finalize__E)
                  000066fc    000002b8     rtsv7R4_T_le_v3D16_eabi.lib : ull_div32.obj (.text)
                  000069b4    000002b0     libdma_xwr18xx.aer4f : dma.oer4f (.text:DMA_open)
                  00006c64    0000000c     libedma_xwr18xx.aer4f : edma_low_level.oer4f (.text:EDMAsetRegion)
                  00006c70    000002a4     sysbios.aer4ft : BIOS.obj (.text:ti_sysbios_heaps_HeapMem_freeUnprotected__E)
                  00006f14    00000284     libmmwave_xwr18xx.aer4f : mmwave_dualcore.oer4f (.text:MMWave_deviceExecuteFxn)
                  00007198    00000280     libhsiheader_xwr18xx.aer4f : hsiheader.oer4f (.text:HSIHeader_createHeader)
                  00007418    00000008     libosal_xwr18xx.aer4f : HwiP_tirtos.oer4f (.text:HwiP_disable)
                  00007420    00000280     sysbios.aer4ft : BIOS.obj (.text:ti_sysbios_family_arm_exc_Exception_excDumpContext__I)
                  000076a0    00000278     mss_main.oer4f (.text:MmwDemo_sensorStopEpilog)
                  00007918    0000026c     libqspiflash_xwr18xx.aer4f : qspiflash.oer4f (.text:QSPIFlash_open)
                  00007b84    00000264     libcbuff_xwr18xx.aer4f : cbuff.oer4f (.text:CBUFF_init)
                  00007de8    00000260     libmailbox_xwr18xx.aer4f : mailbox.oer4f (.text:Mailbox_open)
                  00008048    00000254     libcli_xwr18xx.aer4f : cli_mmwave.oer4f (.text:CLI_MMWaveProfileCfg)
                  0000829c    00000240     mss_main.oer4f (.text:MmwDemo_checkEdmaErrors)
                  000084dc    0000023c     mss_main.oer4f (.text:MmwDemo_DPC_ObjectDetection_reportFxn)
                  00008718    0000023c     mmw_lvds_stream.oer4f (.text:MmwDemo_LVDSStreamHwConfig)
                  00008954    0000022c     libcbuff_xwr18xx.aer4f : cbuff_lvds.oer4f (.text:CBUFF_openLVDS)
                  00008b80    00000228     sysbios.aer4ft : BIOS.obj (.text:ti_sysbios_heaps_HeapMem_allocUnprotected__E)
                  00008da8    00000008     libmmwave_xwr18xx.aer4f : mmwave.oer4f (.text:MMWave_decodeErrorLevel)
                  00008db0    00000224     sysbios.aer4ft : BIOS.obj (.text:ti_sysbios_timers_rti_Timer_Module_startup__E)
                  00008fd4    00000214     libuart_xwr18xx.aer4f : uartsci.oer4f (.text:UartSci_open)
                  000091e8    00000210     mss_main.oer4f (.text:MmwDemo_eventCallbackFxn)
                  000093f8    0000020a     libcbuff_xwr18xx.aer4f : cbuff_transfer.oer4f (.text:CBUFF_addLinkedList)
                  00009602    00000002     libmmwave_xwr18xx.aer4f : mmwave_link.oer4f (.text:MMWave_maskHostIRQ)
                  00009604    00000204     libcli_xwr18xx.aer4f : cli_mmwave.oer4f (.text:CLI_MMWaveChirpCfg)
                  00009808    00000008     libmmwave_xwr18xx.aer4f : mmwave_link.oer4f (.text:MMWave_mboxCallbackFxn)
                  00009810    00000204     sysbios.aer4ft : BIOS.obj (.text:ti_sysbios_knl_Task_sleep__E)
                  00009a14    00000200     libcrc_xwr18xx.aer4f : crc.oer4f (.text:CRC_open)
                  00009c14    00000200     libedma_xwr18xx.aer4f : edma.oer4f (.text:EDMA_configChannel)
                  00009e14    00000200     mss_main.oer4f (.text:MmwDemo_stopSensor)
                  0000a014    00000200     mss_main.oer4f (.text:main)
                  0000a214    0000000c     libmmwave_xwr18xx.aer4f : mmwave_dualcore.oer4f (.text:MMWave_deviceMailboxCallbackFxn)
                  0000a220    00000200     sysbios.aer4ft : BIOS.obj (.text:ti_sysbios_knl_Task_Instance_init__E)
                  0000a420    000001f0     libdma_xwr18xx.aer4f : dma.oer4f (.text:DMA_setChannelParams)
                  0000a610    000001e4     rtsv7R4_T_le_v3D16_eabi.lib : strtod.obj (.text)
                  0000a7f4    000001e4                                 : strtoll.obj (.text)
                  0000a9d8    000001d4     libcbuff_xwr18xx.aer4f : cbuff_edma.oer4f (.text:CBUFF_configEDMA)
                  0000abac    000001d4     mmw_mss_per4ft.oer4ft (.text:xdc_runtime_System_printfExtend__I)
                  0000ad80    000001cc     sysbios.aer4ft : BIOS.obj (.text:ti_sysbios_family_arm_v7r_vim_Hwi_dispatchIRQC__I)
                  0000af4c    000001c8     libcbuff_xwr18xx.aer4f : cbuff_lvds.oer4f (.text:CBUFF_initLVDS)
                  0000b114    000001c8     libmmwavelink_xwr18xx.aer4f : rl_driver.oer4f (.text:rlDriverRxHdrRead)
                  0000b2dc    000001c8     rtsv7R4_T_le_v3D16_eabi.lib : fopen.obj (.text)
                  0000b4a4    000001bc     libedma_xwr18xx.aer4f : edma.oer4f (.text:EDMA_open)
                  0000b660    000001b0     libmmwavelink_xwr18xx.aer4f : rl_driver.oer4f (.text:rlDriverMsgRead)
                  0000b810    000001a8     libcli_xwr18xx.aer4f : cli_mmwave.oer4f (.text:CLI_MMWaveSubFrameCfg)
                  0000b9b8    000001a4     libcbuff_xwr18xx.aer4f : cbuff.oer4f (.text:CBUFF_activateSession)
                  0000bb5c    000001a4     libmmwave_xwr18xx.aer4f : mmwave_dualcore.oer4f (.text:MMWave_serializeCfg)
                  0000bd00    0000019c     mss_main.oer4f (.text:MmwDemo_startSensor)
                  0000be9c    0000019c     mss_main.oer4f (.text:MmwDemo_transferLVDSUserData)
                  0000c038    00000008     libosal_xwr18xx.aer4f : SemaphoreP_tirtos.oer4f (.text:SemaphoreP_Params_init)
                  0000c040    0000019c     sysbios.aer4ft : BIOS.obj (.text:xdc_runtime_Error_policyDefault__E)
                  0000c1dc    00000194     libmmwave_xwr18xx.aer4f : mmwave_link.oer4f (.text:MMWave_openLink)
                  0000c370    00000194     mss_main.oer4f (.text:my_spi_task)
                  0000c504    00000190     libmmwavelink_xwr18xx.aer4f : rl_driver.oer4f (.text:rlDriverCmdInvoke)
                  0000c694    00000188     mmw_cli.oer4f (.text:MmwDemo_CLIConfigDataPort)
                  0000c81c    00000004     libosal_xwr18xx.aer4f : HwiP_tirtos.oer4f (.text:HwiP_disableInterrupt)
                  0000c820    00000184     sysbios.aer4ft : BIOS.obj (.text:xdc_runtime_LoggerBuf_write8__E)
                  0000c9a4    00000180     libdpm_xwr18xx.aer4f : dpm_core.oer4f (.text:DPM_init)
                  0000cb24    00000180                          : dpm_msg.oer4f (.text:DPM_msgRecv)
                  0000cca4    00000180     mmwdemo_rfparser.oer4f (.text:MmwDemo_RFParser_setAoAParams)
                  0000ce24    00000174     mmw_lvds_stream.oer4f (.text:MmwDemo_LVDSStreamInit)
                  0000cf98    00000170     libgpio_xwr18xx.aer4f : gpio.oer4f (.text:GPIO_setConfig)
                  0000d108    0000016c     libsoc_xwr18xx.aer4f : soc_xwr18xx_mss.oer4f (.text:SOC_unhaltDSS)
                  0000d274    0000000c     libmmwave_xwr18xx.aer4f : mmwave_osal.oer4f (.text:MMWave_osalMutexUnlock)
                  0000d280    0000016c     sysbios.aer4ft : BIOS.obj (.text:ti_sysbios_knl_Semaphore_post__E)
                  0000d3ec    00000168     mmw_lvds_stream.oer4f (.text:MmwDemo_LVDSStreamSwConfig)
                  0000d554    0000000c     libmmwave_xwr18xx.aer4f : mmwave_osal.oer4f (.text:MMWave_osalSemSignal)
                  0000d560    00000168     sysbios.aer4ft : BIOS.obj (.text:ti_sysbios_family_arm_exc_Exception_excHandler__I)
                  0000d6c8    00000164     rtsv7R4_T_le_v3D16_eabi.lib : strtoull.obj (.text)
                  0000d82c    00000160     libqspi_xwr18xx.aer4f : qspi.oer4f (.text:QSPI_open)
                  0000d98c    00000004     libosal_xwr18xx.aer4f : HwiP_tirtos.oer4f (.text:HwiP_enableInterrupt)
                  0000d990    00000160     sysbios.aer4ft : BIOS.obj (.text:ti_sysbios_family_arm_v7r_vim_Hwi_reconfig__E)
                  0000daf0    00000158                    : BIOS.obj (.text:ti_sysbios_knl_Task_postInit__I)
                  0000dc48    0000014c     libcli_xwr18xx.aer4f : cli_mmwave.oer4f (.text:CLI_MMWaveFrameCfg)
                  0000dd94    0000014c                          : cli.oer4f (.text:CLI_task)
                  0000dee0    0000014c     libmmwave_xwr18xx.aer4f : mmwave_link.oer4f (.text:MMWave_initMMWaveLink)
                  0000e02c    0000014a     libuart_xwr18xx.aer4f : uartsci.oer4f (.text:UartSci_ISR)
                  0000e176    00000002     libqspiflash_xwr18xx.aer4f : qspiflash.oer4f (.text:QSPIFlash_init)
                  0000e178    00000148     libhsiheader_xwr18xx.aer4f : hsiheader.oer4f (.text:HSIHeader_init)
                  0000e2c0    00000148     libmmwavelink_xwr18xx.aer4f : rl_driver.oer4f (.text:rlDriverCmdSendRetry)
                  0000e408    00000146     mmw_cli.oer4f (.text:MmwDemo_CLICalibDcRangeSig)
                  0000e54e    00000002     libqspi_xwr18xx.aer4f : qspi.oer4f (.text:QSPI_init)
                  0000e550    00000140     sysbios.aer4ft : BIOS.obj (.text:ti_sysbios_heaps_HeapMem_Instance_init__E)
                  0000e690    00000140                    : BIOS.obj (.text:xdc_runtime_Core_createObject__I)
                  0000e7d0    0000013c     mmw_lvds_stream.oer4f (.text:MmwDemo_LVDSStreamDeleteHwSession)
                  0000e90c    00000004     libmmwave_xwr18xx.aer4f : mmwave_link.oer4f (.text:MMWave_disableDevice)
                  0000e910    0000013c     sysbios.aer4ft : BIOS.obj (.text:ti_sysbios_knl_Clock_workFunc__E)
                  0000ea4c    00000134     libadcbuf_xwr18xx.aer4f : adcbuf_mmwave.oer4f (.text:ADCBUF_MMWave_open)
                  0000eb80    00000134     mss_main.oer4f (.text:MmwDemo_edmaOpen)
                  0000ecb4    0000000c     libuart_xwr18xx.aer4f : UART.oer4f (.text:UART_Params_init)
                  0000ecc0    00000134     sysbios.aer4ft : BIOS.obj (.text:xdc_runtime_Startup_startMods__I)
                  0000edf4    00000130     mmw_lvds_stream.oer4f (.text:MmwDemo_LVDSStreamDeleteSwSession)
                  0000ef24    00000130     rtsv7R4_T_le_v3D16_eabi.lib : strtol.obj (.text)
                  0000f054    0000012a     libedma_xwr18xx.aer4f : edma.oer4f (.text:EDMA_check4kSiErrata)
                  0000f17e    00000002     libuart_xwr18xx.aer4f : uartsci.oer4f (.text:UartSci_init)
                  0000f180    00000128     sysbios.aer4ft : BIOS.obj (.text:ti_sysbios_utils_Load_updateThreadContexts__E)
                  0000f2a8    00000124     libcli_xwr18xx.aer4f : cli_mmwave.oer4f (.text:CLI_MMWaveAdvFrameCfg)
                  0000f3cc    00000124                          : cli_mmwave.oer4f (.text:CLI_MMWaveContModeCfg)
                  0000f4f0    00000124     libedma_xwr18xx.aer4f : edma.oer4f (.text:EDMA_init)
                  0000f614    0000000c     libuart_xwr18xx.aer4f : uartsci_dma.oer4f (.text:UartSci_isDMAEnabled)
                  0000f620    00000120     sysbios.aer4ft : BIOS.obj (.text:xdc_runtime_LoggerBuf_write4__E)
                  0000f740    0000011c     mmw_cli.oer4f (.text:MmwDemo_CLILvdsStreamCfg)
                  0000f85c    00000004     libmmwave_xwr18xx.aer4f : mmwave_link.oer4f (.text:MMWave_enableDevice)
                  0000f860    00000118     sysbios.aer4ft : BIOS.obj (.text:ti_sysbios_family_arm_v7r_vim_Hwi_Instance_init__E)
                  0000f978    00000114     libedma_xwr18xx.aer4f : edma.oer4f (.text:EDMA_configErrorMonitoring)
                  0000fa8c    00000110                           : edma.oer4f (.text:EDMA_transferComplete_isr)
                  0000fb9c    00000110     mss_main.oer4f (.text:MmwDemo_calibInit)
                  0000fcac    00000110     rtsv7R4_T_le_v3D16_eabi.lib : strtoul.obj (.text)
                  0000fdbc    0000010c     libdpm_xwr18xx.aer4f : dpm_msg.oer4f (.text:DPM_msgResultHandler)
                  0000fec8    0000010c     libmmwave_xwr18xx.aer4f : mmwave_link.oer4f (.text:MMWave_asyncEventHandler)
                  0000ffd4    0000010c                             : mmwave_dualcore.oer4f (.text:MMWave_deviceInitFxn)
                  000100e0    0000010c     sysbios.aer4ft : BIOS.obj (.text:ti_sysbios_knl_Task_schedule__I)
                  000101ec    00000004     libmmwave_xwr18xx.aer4f : mmwave_listlib.oer4f (.text:MMWave_listGetHead)
                  000101f0    0000010c     sysbios.aer4ft : BIOS.obj (.text:xdc_runtime_Core_constructObject__I)
                  000102fc    00000108     libdma_xwr18xx.aer4f : dma.oer4f (.text:DMA_disableInterrupt)
                  00010404    00000108     libmailbox_xwr18xx.aer4f : mailbox.oer4f (.text:Mailbox_write)
                  0001050c    00000108     mmw_cli.oer4f (.text:MmwDemo_CLICfarCfg)
                  00010614    00000104     libcbuff_xwr18xx.aer4f : cbuff.oer4f (.text:CBUFF_deinit)
                  00010718    00000104     libmmwave_xwr18xx.aer4f : mmwave_link.oer4f (.text:MMWave_startLink)
                  0001081c    00000104     mmw_cli.oer4f (.text:MmwDemo_CLIChirpQualityRxSatMonCfg)
                  00010920    00000104     mmw_cli.oer4f (.text:MmwDemo_CLICompRangeBiasAndRxChanPhaseCfg)
                  00010a24    0000000c     sysbios.aer4ft : arm_IntrinsicsSupport_asm.obj (.text:_ti_sysbios_family_arm_IntrinsicsSupport_maxbitA)
                  00010a30    00000104                    : BIOS.obj (.text:ti_sysbios_timers_rti_Timer_getFreq__E)
                  00010b34    00000100     libcli_xwr18xx.aer4f : cli_mmwave.oer4f (.text:CLI_MMWaveBPMCfgAdvanced)
                  00010c34    00000100     libdma_xwr18xx.aer4f : dma.oer4f (.text:DMA_clearChannelInterruptFlag)
                  00010d34    00000100     libmmwavelink_xwr18xx.aer4f : rl_driver.oer4f (.text:rlDriverInit)
                  00010e34    000000fc     libcbuff_xwr18xx.aer4f : cbuff.oer4f (.text:CBUFF_deleteSession)
                  00010f30    000000fc     libcrc_xwr18xx.aer4f : crc.oer4f (.text:CRC_computeSignature)
                  0001102c    000000fc     mmw_cli.oer4f (.text:MmwDemo_CLIADCBufCfg)
                  00011128    00000008     libmmwavelink_xwr18xx.aer4f : rl_driver.oer4f (.text:rlDriverConstructOutMsg)
                  00011130    000000fc     sysbios.aer4ft : BIOS.obj (.text:ti_sysbios_knl_Task_exit__E)
                  0001122c    000000f8     mmw_lvds_stream.oer4f (.text:MmwDemo_configLVDSHwData)
                  00011324    000000f8     libmmwavelink_xwr18xx.aer4f : rl_driver.oer4f (.text:rlDriverRdVerifyMsg)
                  0001141c    000000f4     mmw_cli.oer4f (.text:MmwDemo_CLICalibDataSaveRestore)
                  00011510    000000f0     sysbios.aer4ft : BIOS.obj (.text:ti_sysbios_family_arm_v7r_vim_Hwi_Module_startup__E)
                  00011600    000000f0                    : BIOS.obj (.text:ti_sysbios_knl_Task_startCore__E)
                  000116f0    000000f0                    : BIOS.obj (.text:ti_sysbios_utils_Load_taskCreateHook__E)
                  000117e0    000000ec     libedma_xwr18xx.aer4f : edma.oer4f (.text:EDMA_configParamSet)
                  000118cc    000000ec     rtsv7R4_T_le_v3D16_eabi.lib : s_scalbn.obj (.text)
                  000119b8    00000008     libmmwavelink_xwr18xx.aer4f : rl_driver.oer4f (.text:rlDriverGetHandle)
                  000119c0    000000ec     sysbios.aer4ft : BIOS.obj (.text:ti_sysbios_heaps_HeapBuf_Module_startup__E)
                  00011aac    000000ea     mss_main.oer4f (.text:MmwDemo_setSubFramePendingState)
                  00011b96    00000002     rtsv7R4_T_le_v3D16_eabi.lib : i_div0.obj (.text)
                  00011b98    000000e8     mmw_cli.oer4f (.text:MmwDemo_CLIChirpQualitySigImgMonCfg)
                  00011c80    000000e8     libmmwavelink_xwr18xx.aer4f : rl_sensor.oer4f (.text:rlRfCalibDataStore)
                  00011d68    000000e8                                 : rl_sensor.oer4f (.text:rlRfPhShiftCalibDataStore)
                  00011e50    000000e4                                 : rl_sensor.oer4f (.text:rlRfPhShiftCalibDataRestore)
                  00011f34    000000e2     libedma_xwr18xx.aer4f : edma.oer4f (.text:EDMA_paramConfig_assist)
                  00012016    00000002     mmw_mss_per4ft.oer4ft (.text:ti_sysbios_BIOS_nullFunc__I)
                  00012018    000000e0     libcli_xwr18xx.aer4f : cli.oer4f (.text:CLI_open)
                  000120f8    000000e0     libdma_xwr18xx.aer4f : dma.oer4f (.text:DMA_enableInterrupt)
                  000121d8    000000de     libspi_xwr18xx.aer4f : mibspi_dma.oer4f (.text:MIBSPI_transfer)
                  000122b6    00000002     mmw_mss_per4ft.oer4ft (.text:xdc_runtime_Startup_reset__I)
                  000122b8    000000dc     libspi_xwr18xx.aer4f : mibspi_dma.oer4f (.text:MIBSPI_control)
                  00012394    000000dc     libmmwave_xwr18xx.aer4f : mmwave.oer4f (.text:MMWave_init)
                  00012470    000000dc     mss_main.oer4f (.text:MmwDemo_transmitProcessedOutput)
                  0001254c    000000dc     libmmwavelink_xwr18xx.aer4f : rl_driver.oer4f (.text:rlDriverMsgCmdReply)
                  00012628    000000dc     rtsv7R4_T_le_v3D16_eabi.lib : setvbuf.obj (.text)
                  00012704    000000d8     libspi_xwr18xx.aer4f : mibspi_dma.oer4f (.text:MIBSPI_sysDmaSetChanParams)
                  000127dc    000000d4     libmailbox_xwr18xx.aer4f : mailbox.oer4f (.text:Mailbox_read)
                  000128b0    000000d4     libmmwavelink_xwr18xx.aer4f : rl_sensor.oer4f (.text:rlSetMultiBpmChirpConfig)
                  00012984    0000000c     rtsv7R4_T_le_v3D16_eabi.lib : copy_zero_init.obj (.text:decompress:ZI)
                  00012990    000000d4     sysbios.aer4ft : BIOS.obj (.text:ti_sysbios_utils_Load_logLoads__I)
                  00012a64    000000d2     libspi_xwr18xx.aer4f : mibspi_dma.oer4f (.text:MIBSPI_ISR)
                  00012b36    00000002     --HOLE-- [fill = 0]
                  00012b38    000000d0     libsoc_xwr18xx.aer4f : soc_xwr18xx_mss.oer4f (.text:SOC_controlSecureFirewall)
                  00012c08    000000d0     sysbios.aer4ft : exc_Exception_asm.obj (.text:ti_sysbios_family_arm_exc_Exception_excHandlerAsm__I)
                  00012cd8    00000008                    : BIOS.obj (.text:ti_sysbios_family_arm_v7a_Pmu_getEnabled__E)
                  00012ce0    000000d0                    : BIOS.obj (.text:ti_sysbios_utils_Load_idleFxn__E)
                  00012db0    000000d0                    : BIOS.obj (.text:xdc_runtime_LoggerBuf_Instance_init__E)
                  00012e80    000000cc     libmmwavelink_xwr18xx.aer4f : rl_sensor.oer4f (.text:rlRfCalibDataRestore)
                  00012f4c    000000cc                                 : rl_sensor.oer4f (.text:rlSetChirpConfig)
                  00013018    000000cc     rtsv7R4_T_le_v3D16_eabi.lib : fflush.obj (.text)
                  000130e4    000000cc                                 : sscanf.obj (.text)
                  000131b0    000000cc     sysbios.aer4ft : BIOS.obj (.text:ti_sysbios_knl_Task_checkStacks__E)
                  0001327c    000000c8     libmmwave_xwr18xx.aer4f : mmwave_fullcfg.oer4f (.text:MMWave_addChirp)
                  00013344    000000c8                             : mmwave_link.oer4f (.text:MMWave_configBPM)
                  0001340c    000000c8                             : mmwave_fullcfg.oer4f (.text:MMWave_flushCfg)
                  000134d4    000000c8                             : mmwave_fullcfg.oer4f (.text:MMWave_getChirpHandle)
                  0001359c    000000c8     libmmwavelink_xwr18xx.aer4f : rl_sensor.oer4f (.text:rlSetFrameConfig)
                  00013664    000000c4     libcbuff_xwr18xx.aer4f : cbuff_transfer.oer4f (.text:CBUFF_setupNonInterleaved_CP_ADC_CQ)
                  00013728    000000c4     libdpm_xwr18xx.aer4f : dpm_core.oer4f (.text:DPM_deinit)
                  000137ec    000000c4                          : dpm_core.oer4f (.text:DPM_ioctl)
                  000138b0    000000c4     sysbios.aer4ft : BIOS.obj (.text:ti_sysbios_family_arm_v7a_Pmu_configureCounter__E)
                  00013974    000000c2     libspi_xwr18xx.aer4f : mibspi_dma.oer4f (.text:MIBSPI_close)
                  00013a36    00000002     --HOLE-- [fill = 0]
                  00013a38    000000c0     mmw_cli.oer4f (.text:MmwDemo_CLIAnalogMonitorCfg)
                  00013af8    000000c0     libmmwavelink_xwr18xx.aer4f : rl_driver.oer4f (.text:rlDriverMsgWrite)
                  00013bb8    00000008     mmw_mss_per4ft.oer4ft (.text:xdc_runtime_Text_visitRope__I)
                  00013bc0    000000c0     sysbios.aer4ft : BIOS.obj (.text:ti_sysbios_timers_rti_Timer_startup__E)
                  00013c80    000000bc     libcli_xwr18xx.aer4f : cli.oer4f (.text:CLI_help)
                  00013d3c    000000bc     libgpio_xwr18xx.aer4f : gpio.oer4f (.text:GPIO_write)
                  00013df8    000000bc     libmmwave_xwr18xx.aer4f : mmwave_link.oer4f (.text:MMWave_computeCRC)
                  00013eb4    000000bc     mmw_lvds_stream.oer4f (.text:MmwDemo_LVDSStream_EDMAInit)
                  00013f70    000000bc     rtsv7R4_T_le_v3D16_eabi.lib : open.obj (.text)
                  0001402c    000000b8     libcbuff_xwr18xx.aer4f : cbuff.oer4f (.text:CBUFF_ISR)
                  000140e4    000000b8                            : cbuff_transfer.oer4f (.text:CBUFF_setupTransfer)
                  0001419c    000000b8     libdma_xwr18xx.aer4f : dma.oer4f (.text:DMA_getChannelInterruptFlag)
                  00014254    000000b8     mss_main.oer4f (.text:MmwDemo_isAllCfgInPendingState)
                  0001430c    000000b6     libsoc_xwr18xx.aer4f : soc_mpu.o (.text)
                  000143c2    0000000e                          : soc_xwr18xx_mss.oer4f (.text:SOC_microDelay)
                  000143d0    000000b4     sysbios.aer4ft : BIOS.obj (.text:ti_sysbios_gates_GateMutex_enter__E)
                  00014484    0000000c     libmmwavelink_xwr18xx.aer4f : rl_driver.oer4f (.text:rlDriverGetPlatformId)
                  00014490    000000b4     sysbios.aer4ft : BIOS.obj (.text:xdc_runtime_LoggerBuf_setFilterLevel__E)
                  00014544    000000b2     libuart_xwr18xx.aer4f : uartsci_dma.oer4f (.text:UartSci_openDMA)
                  000145f6    00000002     --HOLE-- [fill = 0]
                  000145f8    000000b0     libcbuff_xwr18xx.aer4f : cbuff.oer4f (.text:CBUFF_deactivateSession)
                  000146a8    000000b0     libmmwave_xwr18xx.aer4f : mmwave_fullcfg.oer4f (.text:MMWave_addProfile)
                  00014758    000000b0     libmmwavelink_xwr18xx.aer4f : rl_sensor.oer4f (.text:rlSetProfileConfig)
                  00014808    00000006     libdpm_xwr18xx.aer4f : dpm_mailbox.oer4f (.text:DPM_mboxSynch)
                  0001480e    00000002     --HOLE-- [fill = 0]
                  00014810    000000b0     sysbios.aer4ft : BIOS.obj (.text:ti_sysbios_utils_Load_updateLoads__E)
                  000148c0    000000b0                    : BIOS.obj (.text:xdc_runtime_Text_putMod__E)
                  00014970    000000ae     mmwdemo_adcconfig.oer4f (.text:MmwDemo_ADCBufConfig)
                  00014a1e    000000ae     rtsv7R4_T_le_v3D16_eabi.lib : _io_perm.obj (.text)
                  00014acc    000000ac     libesm_xwr18xx.aer4f : esm.oer4f (.text:ESM_processInterrupt)
                  00014b78    00000006     libedma_xwr18xx.aer4f : edma_low_level.oer4f (.text:EDMA3ClrCCErr)
                  00014b7e    00000002     --HOLE-- [fill = 0]
                  00014b80    000000ac     sysbios.aer4ft : BIOS.obj (.text:ti_sysbios_knl_Task_Module_startup__E)
                  00014c2c    00000004     libmmwave_xwr18xx.aer4f : mmwave_listlib.oer4f (.text:MMWave_listGetNext)
                  00014c30    000000ac     sysbios.aer4ft : BIOS.obj (.text:ti_sysbios_utils_Load_startup__E)
                  00014cdc    000000a8     libadcbuf_xwr18xx.aer4f : adcbuf_mmwave.oer4f (.text:ADCBUF_MMWave_getChanBufAddr)
                  00014d84    000000a8     libcli_xwr18xx.aer4f : cli_mmwave.oer4f (.text:CLI_MMWaveExtensionHelp)
                  00014e2c    000000a8     libedma_xwr18xx.aer4f : edma_low_level.oer4f (.text:EDMA3Init)
                  00014ed4    000000a8     libmmwave_xwr18xx.aer4f : mmwave_link.oer4f (.text:MMWave_configureProfileChirp)
                  00014f7c    000000a8                             : mmwave_fullcfg.oer4f (.text:MMWave_getBpmChirpHandle)
                  00015024    000000a8     mss_main.oer4f (.text:MmwDemo_isAllCfgInNonPendingState)
                  000150cc    000000a8     libpinmux_xwr18xx.aer4f : pinmux.oer4f (.text:Pinmux_Set_OverrideCtrl)
                  00015174    000000a8     libsoc_xwr18xx.aer4f : soc.oer4f (.text:SOC_deregisterSysIntListener)
                  0001521c    000000a8     libmmwavelink_xwr18xx.aer4f : rl_driver.oer4f (.text:rlDriverWaitForResponse)
                  000152c4    000000a8                                 : rl_sensor.oer4f (.text:rlSetAdvFrameConfig)
                  0001536c    000000a4     libdma_xwr18xx.aer4f : dma.oer4f (.text:DMA_assignChannel)
                  00015410    000000a4     libesm_xwr18xx.aer4f : esm.oer4f (.text:ESM_init)
                  000154b4    000000a4     libmmwave_xwr18xx.aer4f : mmwave_fullcfg.oer4f (.text:MMWave_addBpmChirp)
                  00015558    000000a4                             : mmwave.oer4f (.text:MMWave_start)
                  000155fc    000000a4     libqspiflash_xwr18xx.aer4f : qspiflash.oer4f (.text:QSPIFlash_mmapWrite)
                  000156a0    000000a2     sysbios.aer4ft : BIOS.obj (.text:xdc_runtime_Text_putSite__E)
                  00015742    00000002     --HOLE-- [fill = 0]
                  00015744    000000a0     libqspiflash_xwr18xx.aer4f : qspiflash.oer4f (.text:QSPIFlash_configMmapRead)
                  000157e4    000000a0                                : qspiflash_device_macronix.oer4f (.text:QSPIFlash_macronix_progQuadRead)
                  00015884    000000a0     libsoc_xwr18xx.aer4f : soc.oer4f (.text:SOC_registerSysIntListener)
                  00015924    000000a0     auto_init.aer4ft : auto_init.oer4ft (.text)
                  000159c4    0000000c     sysbios.aer4ft : BIOS.obj (.text:ti_sysbios_family_arm_v7a_Pmu_configureCounterI__I)
                  000159d0    000000a0                    : BIOS.obj (.text:ti_sysbios_knl_Task_blockI__E)
                  00015a70    0000009c     libmmwave_xwr18xx.aer4f : mmwave_link.oer4f (.text:MMWave_configLink)
                  00015b0c    0000009c                             : mmwave_fullcfg.oer4f (.text:MMWave_getProfileHandle)
                  00015ba8    0000009c     mmw_cli.oer4f (.text:MmwDemo_CLIMeasureRangeBiasAndRxChanPhaseCfg)
                  00015c44    0000009c     libqspiflash_xwr18xx.aer4f : qspiflash_device_spansion.oer4f (.text:QSPIFlash_spansion_progQuadRead)
                  00015ce0    0000009c     libuart_xwr18xx.aer4f : uartsci.oer4f (.text:UartSci_write)
                  00015d7c    0000009c     rtsv7R4_T_le_v3D16_eabi.lib : memcpy_t2.obj (.text)
                  00015e18    00000006     libedma_xwr18xx.aer4f : edma_low_level.oer4f (.text:EDMA3ErrIntrHighStatusGet)
                  00015e1e    00000002     --HOLE-- [fill = 0]
                  00015e20    0000009c     sysbios.aer4ft : BIOS.obj (.text:ti_sysbios_family_arm_v7r_vim_Hwi_initIntController__I)
                  00015ebc    00000004     libmmwave_xwr18xx.aer4f : mmwave_link.oer4f (.text:MMWave_mboxClose)
                  00015ec0    0000009c     sysbios.aer4ft : BIOS.obj (.text:ti_sysbios_family_arm_v7r_vim_Hwi_mapChannel__I)
                  00015f5c    00000004     libmmwave_xwr18xx.aer4f : mmwave_link.oer4f (.text:MMWave_mboxRead)
                  00015f60    0000009c     sysbios.aer4ft : BIOS.obj (.text:ti_sysbios_knl_Semaphore_Instance_init__E)
                  00015ffc    0000009a     libdpm_xwr18xx.aer4f : dpm_msg.oer4f (.text:DPM_msgResponseHandler)
                  00016096    00000002     --HOLE-- [fill = 0]
                  00016098    00000098     libmmwave_xwr18xx.aer4f : mmwave_fullcfg.oer4f (.text:MMWave_getChirpCfg)
                  00016130    00000098     mmwdemo_rfparser.oer4f (.text:MmwDemo_RFParser_parseConfig)
                  000161c8    00000098     rtsv7R4_T_le_v3D16_eabi.lib : fclose.obj (.text)
                  00016260    00000098                                 : fputc.obj (.text)
                  000162f8    00000098     sysbios.aer4ft : vim_Hwi_asm_switch.obj (.text)
                  00016390    00000098                    : BIOS.obj (.text:ti_sysbios_utils_Load_taskDeleteHook__E)
                  00016428    00000096     libedma_xwr18xx.aer4f : edma.oer4f (.text:EDMA_getErrorStatusInfo)
                  000164be    00000096     libuart_xwr18xx.aer4f : uartsci.oer4f (.text:UartSci_readChar)
                  00016554    00000094     libcbuff_xwr18xx.aer4f : cbuff_transfer.oer4f (.text:CBUFF_setupNonInterleaved_ADC)
                  000165e8    00000094     mmw_lvds_stream.oer4f (.text:MmwDemo_LVDSStream_EDMAAllocateCBUFFHwChannel)
                  0001667c    00000094     mmw_lvds_stream.oer4f (.text:MmwDemo_LVDSStream_EDMAAllocateCBUFFSwChannel)
                  00016710    00000094     libmmwavelink_xwr18xx.aer4f : rl_driver.oer4f (.text:rlDriverDeInit)
                  000167a4    00000094                                 : rl_driver.oer4f (.text:rlDriverMsgReadCmdCtx)
                  00016838    00000094                                 : rl_driver.oer4f (.text:rlDriverProcRdMsg)
                  000168cc    00000094     sysbios.aer4ft : vim_Hwi_asm.obj (.text:ti_sysbios_family_arm_v7r_vim_Hwi_dispatchIRQ__I)
                  00016960    00000090     libgpio_xwr18xx.aer4f : gpio.oer4f (.text:GPIO_init)
                  000169f0    00000090     libmailbox_xwr18xx.aer4f : mailbox.oer4f (.text:Mailbox_close)
                  00016a80    00000090     libuart_xwr18xx.aer4f : uartsci_dma.oer4f (.text:UartSci_initiateTxDMA)
                  00016b10    00000090                           : uartsci.oer4f (.text:UartSci_read)
                  00016ba0    00000090     sysbios.aer4ft : BIOS.obj (.text:ti_sysbios_family_arm_v7a_Pmu_startCounter__E)
                  00016c30    00000090                    : BIOS.obj (.text:ti_sysbios_knl_Task_unblockI__E)
                  00016cc0    00000090                    : BIOS.obj (.text:xdc_runtime_LoggerBuf_getFilterLevel__E)
                  00016d50    0000008c     libcli_xwr18xx.aer4f : cli_mmwave.oer4f (.text:CLI_MMWaveDataOutputMode)
                  00016ddc    0000008c     libdma_xwr18xx.aer4f : dma.oer4f (.text:DMA_deleteInstance)
                  00016e68    0000008c     libsoc_xwr18xx.aer4f : soc.oer4f (.text:SOC_init)
                  00016ef4    0000008c                          : soc_xwr18xx.oer4f (.text:SOC_translateAddress)
                  00016f80    0000008c     libuart_xwr18xx.aer4f : uartsci_dma.oer4f (.text:UartSci_initiateRxDMA)
                  0001700c    0000008c     libmmwavelink_xwr18xx.aer4f : rl_device.oer4f (.text:rlDevicePowerOn)
                  00017098    0000008c                                 : rl_driver.oer4f (.text:rlDriverMsgReadSpawnCtx)
                  00017124    0000000c     sysbios.aer4ft : BIOS.obj (.text:ti_sysbios_family_arm_v7a_Pmu_getCountI__E)
                  00017130    0000008c                    : BIOS.obj (.text:ti_sysbios_family_arm_v7a_Pmu_getCount__E)
                  000171bc    00000004     libmmwave_xwr18xx.aer4f : mmwave_link.oer4f (.text:MMWave_registerInterruptHandler)
                  000171c0    0000008c     sysbios.aer4ft : BIOS.obj (.text:ti_sysbios_family_arm_v7r_vim_Hwi_Instance_finalize__E)
                  0001724c    00000004     libmmwave_xwr18xx.aer4f : mmwave_link.oer4f (.text:MMWave_unmaskHostIRQ)
                  00017250    0000008c     sysbios.aer4ft : BIOS.obj (.text:xdc_runtime_Memory_alloc__E)
                  000172dc    00000088     libmmwave_xwr18xx.aer4f : mmwave_fullcfg.oer4f (.text:MMWave_getProfileCfg)
                  00017364    00000088     rtsv7R4_T_le_v3D16_eabi.lib : vsnprintf.obj (.text)
                  000173ec    00000086     libcbuff_xwr18xx.aer4f : cbuff_edma.oer4f (.text:CBUFF_closeEDMA)
                  00017472    00000086     libspi_xwr18xx.aer4f : mibspi_dma.oer4f (.text:MIBSPI_readDataRAM)
                  000174f8    00000006     libedma_xwr18xx.aer4f : edma_low_level.oer4f (.text:EDMA3GetCCErrStatus)
                  000174fe    00000002     --HOLE-- [fill = 0]
                  00017500    00000085     sysbios.aer4ft : BIOS.obj (.text:xdc_runtime_System_formatNum__I)
                  00017585    00000003     --HOLE-- [fill = 0]
                  00017588    00000084     libmmwave_xwr18xx.aer4f : mmwave_dualcore.oer4f (.text:MMWave_deviceCfgAsyncEvent)
                  0001760c    00000084                             : mmwave_dualcore.oer4f (.text:MMWave_deviceEventFxn)
                  00017690    00000084                             : mmwave_fullcfg.oer4f (.text:MMWave_getNumBpmChirp)
                  00017714    00000084                             : mmwave.oer4f (.text:MMWave_open)
                  00017798    00000084     mss_main.oer4f (.text:MmwDemo_configSensor)
                  0001781c    00000081     libcbuff_xwr18xx.aer4f : cbuff_edma.oer4f (.text:CBUFF_setupEDMAShadowLink)
                  0001789d    00000003     --HOLE-- [fill = 0]
                  000178a0    00000081     libspi_xwr18xx.aer4f : mibspi_dma.oer4f (.text:MIBSPI_sysDmaIntHandler)
                  00017921    00000003     --HOLE-- [fill = 0]
                  00017924    00000080     libcli_xwr18xx.aer4f : cli_mmwave.oer4f (.text:CLI_MMWaveChannelCfg)
                  000179a4    00000080     libdpm_xwr18xx.aer4f : dpm_mailbox.oer4f (.text:DPM_mboxRemoteMailboxCallbackFxn)
                  00017a24    00000080     libmmwave_xwr18xx.aer4f : mmwave_fullcfg.oer4f (.text:MMWave_getBpmChirpCfg)
                  00017aa4    00000080     mmw_cli.oer4f (.text:MmwDemo_CLIAoAFovCfg)
                  00017b24    00000080     libsoc_xwr18xx.aer4f : soc.oer4f (.text:SOC_getDeviceRFFreqScaleFactor)
                  00017ba4    00000080     libuart_xwr18xx.aer4f : uartsci.oer4f (.text:UartSci_writePolling)
                  00017c24    00000080     libmmwavelink_xwr18xx.aer4f : rl_driver.oer4f (.text:rlDriverExecuteGetApi)
                  00017ca4    0000000c     mmw_mss_per4ft.oer4ft (.text:ti_sysbios_knl_Queue_Object__get__S)
                  00017cb0    00000080     sysbios.aer4ft : BIOS.obj (.text:ti_sysbios_timers_rti_Timer_initDevice__I)
                  00017d30    0000007e     libosal_xwr18xx.aer4f : HwiP_tirtos.oer4f (.text:HwiP_create)
                  00017dae    00000002     --HOLE-- [fill = 0]
                  00017db0    0000007d     libcbuff_xwr18xx.aer4f : cbuff_lvds.oer4f (.text:CBUFF_initLVDSLinkListParams)
                  00017e2d    00000003     --HOLE-- [fill = 0]
                  00017e30    0000007c     libdpm_xwr18xx.aer4f : dpm_pipe.oer4f (.text:DPM_pipeSend)
                  00017eac    0000007c     libedma_xwr18xx.aer4f : edma.oer4f (.text:EDMA_clearErrors)
                  00017f28    0000007c     libmmwave_xwr18xx.aer4f : mmwave_dualcore.oer4f (.text:MMWave_deviceOpenFxn)
                  00017fa4    0000007c     libmailbox_xwr18xx.aer4f : mailbox.oer4f (.text:Mailbox_init)
                  00018020    0000007c     mmw_lvds_stream.oer4f (.text:MmwDemo_LVDSStream_SwTriggerFrameDone)
                  0001809c    0000007c     libuart_xwr18xx.aer4f : uartsci.oer4f (.text:UartSci_readPolling)
                  00018118    0000007c     sysbios.aer4ft : arm_TaskSupport_asm.obj (.text:_ti_sysbios_family_arm_TaskSupport_buildTaskStack)
                  00018194    0000000a     libadcbuf_xwr18xx.aer4f : ADCBuf.oer4f (.text:ADCBuf_control)
                  0001819e    00000002     --HOLE-- [fill = 0]
                  000181a0    0000007c     sysbios.aer4ft : BIOS.obj (.text:xdc_runtime_Core_deleteObject__I)
                  0001821c    0000007b     mmw_cli.oer4f (.text:MmwDemo_CLIGetSubframe)
                  00018297    00000001     --HOLE-- [fill = 0]
                  00018298    0000007a     rtsv7R4_T_le_v3D16_eabi.lib : memset_t2.obj (.text)
                  00018312    00000002     --HOLE-- [fill = 0]
                  00018314    00000078     libadcbuf_xwr18xx.aer4f : adcbuf_mmwave.oer4f (.text:ADCBUF_MMWave_getCQBufAddr)
                  0001838c    00000078     libcbuff_xwr18xx.aer4f : cbuff_transfer.oer4f (.text:CBUFF_configUserBufferEDMA)
                  00018404    00000078                            : cbuff.oer4f (.text:CBUFF_setVC)
                  0001847c    00000078     libcli_xwr18xx.aer4f : cli_mmwave.oer4f (.text:CLI_MMWaveADCCfg)
                  000184f4    00000078     libspi_xwr18xx.aer4f : mibspi_dma.oer4f (.text:MIBSPI_writeDataRAM)
                  0001856c    00000078     libmmwave_xwr18xx.aer4f : mmwave_fullcfg.oer4f (.text:MMWave_getNumChirps)
                  000185e4    00000078     libqspiflash_xwr18xx.aer4f : qspiflash.oer4f (.text:QSPIFlash_mmapRead)
                  0001865c    00000078                                : qspiflash.oer4f (.text:QSPIFlash_sectorErase)
                  000186d4    00000078     libqspi_xwr18xx.aer4f : qspi.oer4f (.text:QSPI_cfgRead)
                  0001874c    00000077                           : qspi.oer4f (.text:QSPI_memAccessCfg)
                  000187c3    00000001     --HOLE-- [fill = 0]
                  000187c4    00000074     libmmwave_xwr18xx.aer4f : mmwave.oer4f (.text:MMWave_config)
                  00018838    00000074                             : mmwave_dualcore.oer4f (.text:MMWave_deviceStartFxn)
                  000188ac    00000074     boot.aer4ft : boot.oer4ft (.text)
                  00018920    00000074     libmmwavelink_xwr18xx.aer4f : rl_driver.oer4f (.text:rlDriverAsyncEventHandler)
                  00018994    00000074     rtsv7R4_T_le_v3D16_eabi.lib : getdevice.obj (.text)
                  00018a08    00000074                                 : s_frexp.obj (.text)
                  00018a7c    00000072     libmmwavelink_xwr18xx.aer4f : rl_driver.oer4f (.text:rlDriverClientCbCheck)
                  00018aee    00000002     --HOLE-- [fill = 0]
                  00018af0    00000070     libedma_xwr18xx.aer4f : edma.oer4f (.text:EDMA_error_isr)
                  00018b60    00000070     libhsiheader_xwr18xx.aer4f : hsiheader.oer4f (.text:HSIHeader_deleteHeader)
                  00018bd0    00000070     libmmwave_xwr18xx.aer4f : mmwave_dualcore.oer4f (.text:MMWave_deviceCfgFxn)
                  00018c40    00000070     mmw_cli.oer4f (.text:MmwDemo_CLIGuiMonSel)
                  00018cb0    00000070     mmwdemo_flash.oer4f (.text:mmwDemo_flashInit)
                  00018d20    00000070     sysbios.aer4ft : BIOS.obj (.text:xdc_runtime_Error_print__E)
                  00018d90    0000006e     libdma_xwr18xx.aer4f : dma.oer4f (.text:DMA_btcISR)
                  00018dfe    00000002     --HOLE-- [fill = 0]
                  00018e00    0000006c                          : dma.oer4f (.text:DMA_disableChannel)
                  00018e6c    0000006c                          : dma.oer4f (.text:DMA_enableChannel)
                  00018ed8    0000006c     libmmwave_xwr18xx.aer4f : mmwave_link.oer4f (.text:MMWave_spawn)
                  00018f44    0000006c                             : mmwave_link.oer4f (.text:MMWave_stopLink)
                  00018fb0    0000006c     mmw_lvds_stream.oer4f (.text:MmwDemo_LVDSStream_EDMAFreeCBUFFHwChannel)
                  0001901c    0000006c     mmw_lvds_stream.oer4f (.text:MmwDemo_LVDSStream_EDMAFreeCBUFFSwChannel)
                  00019088    0000006c     mmw_lvds_stream.oer4f (.text:MmwDemo_LVDSStream_HwTriggerFrameDone)
                  000190f4    0000006c     libpinmux_xwr18xx.aer4f : pinmux.oer4f (.text:Pinmux_Set_FuncSel)
                  00019160    0000006c     libqspiflash_xwr18xx.aer4f : qspiflash.oer4f (.text:QSPIFlashReadSFDP)
                  000191cc    0000006c     libqspi_xwr18xx.aer4f : qspi.oer4f (.text:QSPI_cfgWrite)
                  00019238    0000006c     rtsv7R4_T_le_v3D16_eabi.lib : copy_decompress_lzss.obj (.text:decompress:lzss)
                  000192a4    0000006c                                 : trgmsg.obj (.text)
                  00019310    0000006a     libdma_xwr18xx.aer4f : dma.oer4f (.text:DMA_berISR)
                  0001937a    00000002     --HOLE-- [fill = 0]
                  0001937c    0000006a                          : dma.oer4f (.text:DMA_ftcISR)
                  000193e6    00000002     --HOLE-- [fill = 0]
                  000193e8    0000006a                          : dma.oer4f (.text:DMA_hbcISR)
                  00019452    00000002     --HOLE-- [fill = 0]
                  00019454    0000006a                          : dma.oer4f (.text:DMA_lfsISR)
                  000194be    0000006a     libuart_xwr18xx.aer4f : uartsci.oer4f (.text:UartSci_control)
                  00019528    00000068     libdpm_xwr18xx.aer4f : dpm_msg.oer4f (.text:DPM_msgDPCCfgHandler)
                  00019590    00000068     libmmwave_xwr18xx.aer4f : mmwave_dualcore.oer4f (.text:MMWave_deviceStopFxn)
                  000195f8    00000068     libmailbox_xwr18xx.aer4f : mailbox.oer4f (.text:Mailbox_readFlush)
                  00019660    00000068     mss_main.oer4f (.text:MmwDemo_convertCfarToLinear)
                  000196c8    00000068     libmmwavelink_xwr18xx.aer4f : rl_driver.oer4f (.text:rlDriverExecuteSetApi)
                  00019730    00000068                                 : rl_driver.oer4f (.text:rlDriverHostIrqHandler)
                  00019798    00000068     rtsv7R4_T_le_v3D16_eabi.lib : hostlseek.obj (.text)
                  00019800    00000068                                 : hostrename.obj (.text)
                  00019868    00000066     libmmwavelink_xwr18xx.aer4f : rl_device.oer4f (.text:rlDevicePowerOff)
                  000198ce    00000002     --HOLE-- [fill = 0]
                  000198d0    00000064     libcli_xwr18xx.aer4f : cli_mmwave.oer4f (.text:CLI_MMWaveLowPowerCfg)
                  00019934    00000064     libedma_xwr18xx.aer4f : edma.oer4f (.text:EDMA_getTransferControllerErrorStatusInfo)
                  00019998    00000064     libosal_xwr18xx.aer4f : SemaphoreP_tirtos.oer4f (.text:SemaphoreP_create)
                  000199fc    00000064     rtsv7R4_T_le_v3D16_eabi.lib : fseek.obj (.text)
                  00019a60    00000064                                 : sprintf.obj (.text)
                  00019ac4    00000064     sysbios.aer4ft : exc_Exception_asm.obj (.text:ti_sysbios_family_arm_exc_Exception_initCore0__I)
                  00019b28    00000006     libedma_xwr18xx.aer4f : edma_low_level.oer4f (.text:EDMA3GetErrIntrStatus)
                  00019b2e    00000002     --HOLE-- [fill = 0]
                  00019b30    00000064     sysbios.aer4ft : BIOS.obj (.text:ti_sysbios_family_arm_v7r_vim_Hwi_phantomIntHandler__I)
                  00019b94    0000000a     libadcbuf_xwr18xx.aer4f : ADCBuf.oer4f (.text:ADCBuf_getChanBufAddr)
                  00019b9e    00000002     --HOLE-- [fill = 0]
                  00019ba0    00000064     sysbios.aer4ft : BIOS.obj (.text:ti_sysbios_knl_Clock_logTick__E)
                  00019c04    0000000a     libcbuff_xwr18xx.aer4f : cbuff_lvds.oer4f (.text:CBUFF_deinitLVDS)
                  00019c0e    00000002     --HOLE-- [fill = 0]
                  00019c10    00000064     sysbios.aer4ft : BIOS.obj (.text:ti_sysbios_utils_Load_logCPULoad__I)
                  00019c74    0000000a     libdpm_xwr18xx.aer4f : dpm_core.oer4f (.text:DPM_chirpISR)
                  00019c7e    00000002     --HOLE-- [fill = 0]
                  00019c80    00000064     sysbios.aer4ft : BIOS.obj (.text:xdc_runtime_Startup_exec__E)
                  00019ce4    00000062     mmw_cli.oer4f (.text:MmwDemo_CLICfarFovCfg)
                  00019d46    00000002     --HOLE-- [fill = 0]
                  00019d48    00000060     libcli_xwr18xx.aer4f : cli_mmwave.oer4f (.text:CLI_MMWaveExtensionHandler)
                  00019da8    00000060     libosal_xwr18xx.aer4f : DebugP_tirtos.oer4f (.text:DebugP_log2)
                  00019e08    00000060                           : DebugP_tirtos.oer4f (.text:DebugP_log3)
                  00019e68    00000006     libedma_xwr18xx.aer4f : edma_low_level.oer4f (.text:EDMA3QdmaGetErrIntrStatus)
                  00019e6e    00000002     --HOLE-- [fill = 0]
                  00019e70    00000060     sysbios.aer4ft : BIOS.obj (.text:ti_sysbios_heaps_HeapMem_alloc__E)
                  00019ed0    00000060                    : BIOS.obj (.text:xdc_runtime_Assert_raise__I)
                  00019f30    0000005f                    : BIOS.obj (.text:xdc_runtime_Text_putLab__E)
                  00019f8f    00000001     --HOLE-- [fill = 0]
                  00019f90    0000005e     libuart_xwr18xx.aer4f : uartsci.oer4f (.text:UartSci_writeChar)
                  00019fee    00000002     --HOLE-- [fill = 0]
                  00019ff0    0000005c     libedma_xwr18xx.aer4f : edma.oer4f (.text:EDMA_getErrorStatus)
                  0001a04c    0000005c     libmmwave_xwr18xx.aer4f : mmwave_link.oer4f (.text:MMWave_mboxOpen)
                  0001a0a8    0000005c                             : mmwave.oer4f (.text:MMWave_stop)
                  0001a104    0000005c     mss_main.oer4f (.text:MmwDemo_mmWaveCtrlTask)
                  0001a160    0000005c     libqspiflash_xwr18xx.aer4f : qspiflash.oer4f (.text:QSPIFlashGetDeviceID)
                  0001a1bc    0000005c     libsoc_xwr18xx.aer4f : soc.oer4f (.text:SOC_enableLVDS)
                  0001a218    0000005c     rtsv7R4_T_le_v3D16_eabi.lib : hostopen.obj (.text)
                  0001a274    0000005c                                 : hostread.obj (.text)
                  0001a2d0    0000005c     mss_main.oer4f (.text:spi_send_packet_header)
                  0001a32c    00000004     libmmwave_xwr18xx.aer4f : mmwave_link.oer4f (.text:MMWave_waitIRQStatus)
                  0001a330    0000005c     sysbios.aer4ft : BIOS.obj (.text:ti_sysbios_utils_Load_updateCurrentThreadTime__E)
                  0001a38c    0000005a     libuart_xwr18xx.aer4f : uartsci.oer4f (.text:UartSci_readCancel)
                  0001a3e6    0000005a     libmmwavelink_xwr18xx.aer4f : rl_driver.oer4f (.text:rlDriverCalChkSum)
                  0001a440    00000058     libdpm_xwr18xx.aer4f : dpm_core.oer4f (.text:DPM_execute)
                  0001a498    00000058                          : dpm_mailbox.oer4f (.text:DPM_mboxInit)
                  0001a4f0    00000058     libosal_xwr18xx.aer4f : DebugP_tirtos.oer4f (.text:DebugP_log0)
                  0001a548    00000058                           : DebugP_tirtos.oer4f (.text:DebugP_log1)
                  0001a5a0    00000058     libedma_xwr18xx.aer4f : edma_low_level.oer4f (.text:EDMA3EnableChInShadowReg)
                  0001a5f8    00000058     libesm_xwr18xx.aer4f : esm.oer4f (.text:ESM_highpriority_FIQ)
                  0001a650    00000058     libmmwave_xwr18xx.aer4f : mmwave.oer4f (.text:MMWave_execute)
                  0001a6a8    00000058                             : mmwave_link.oer4f (.text:MMWave_initCRC)
                  0001a700    00000058     mmw_cli.oer4f (.text:MmwDemo_CLISensorStop)
                  0001a758    00000058     mss_main.oer4f (.text:MmwDemo_EDMA_errorCallbackFxn)
                  0001a7b0    00000058     mss_main.oer4f (.text:MmwDemo_EDMA_transferControllerErrorCallbackFxn)
                  0001a808    00000058     libqspiflash_xwr18xx.aer4f : qspiflash.oer4f (.text:QSPIFlash_configMmapWrite)
                  0001a860    00000058     libuart_xwr18xx.aer4f : uartsci_dma.oer4f (.text:UartSci_closeDMA)
                  0001a8b8    00000058     mmwdemo_flash.oer4f (.text:mmwDemo_flashRead)
                  0001a910    00000058     rtsv7R4_T_le_v3D16_eabi.lib : close.obj (.text)
                  0001a968    00000058                                 : hostwrite.obj (.text)
                  0001a9c0    00000056     libedma_xwr18xx.aer4f : edma.oer4f (.text:EDMA_check4kSiErrata_boundaryCheckUtilType1)
                  0001aa16    00000056     libmmwavelink_xwr18xx.aer4f : rl_driver.oer4f (.text:rlDriverOsiCbCheck)
                  0001aa6c    00000054     libcrc_xwr18xx.aer4f : crc.oer4f (.text:CRC_getTransactionId)
                  0001aac0    00000054     libdma_xwr18xx.aer4f : dma.oer4f (.text:DMA_freeChannel)
                  0001ab14    00000054     libmmwave_xwr18xx.aer4f : mmwave_link.oer4f (.text:MMWave_initLink)
                  0001ab68    00000054     mss_main.oer4f (.text:MmwDemo_CfgUpdate)
                  0001abbc    00000054     libqspiflash_xwr18xx.aer4f : qspiflash.oer4f (.text:QSPIFlash_writeEnable)
                  0001ac10    00000054     rtsv7R4_T_le_v3D16_eabi.lib : ltoa.obj (.text)
                  0001ac64    00000054     mmw_mss_per4ft.oer4ft (.text:ti_sysbios_family_arm_v7r_vim_Hwi_create)
                  0001acb8    00000006     libosal_xwr18xx.aer4f : HwiP_tirtos.oer4f (.text:HwiP_restore)
                  0001acbe    00000002     --HOLE-- [fill = 0]
                  0001acc0    00000054     sysbios.aer4ft : BIOS.obj (.text:ti_sysbios_heaps_HeapMem_getStats__E)
                  0001ad14    0000000a     libdpm_xwr18xx.aer4f : dpm_core.oer4f (.text:DPM_frameStartISR)
                  0001ad1e    00000002     --HOLE-- [fill = 0]
                  0001ad20    00000054     sysbios.aer4ft : BIOS.obj (.text:xdc_runtime_Core_assignLabel__I)
                  0001ad74    00000051     libspi_xwr18xx.aer4f : mibspi_dma.oer4f (.text:MIBSPI_sysDmaChanDeInit)
                  0001adc5    00000003     --HOLE-- [fill = 0]
                  0001adc8    00000050     libcrc_xwr18xx.aer4f : crc.oer4f (.text:CRC_getSignature)
                  0001ae18    00000050     libdpm_xwr18xx.aer4f : dpm_core.oer4f (.text:DPM_synch)
                  0001ae68    00000050     libedma_xwr18xx.aer4f : edma_low_level.oer4f (.text:EDMA3MapChToEvtQ)
                  0001aeb8    00000050     libmmwave_xwr18xx.aer4f : mmwave.oer4f (.text:MMWave_sync)
                  0001af08    00000050     mmw_cli.oer4f (.text:MmwDemo_CLIMultiObjBeamForming)
                  0001af58    00000050     mmw_cli.oer4f (.text:MmwDemo_CLIQueryDemoStatus)
                  0001afa8    00000050     mss_main.oer4f (.text:mmwDemo_mssDPMTask)
                  0001aff8    00000050     libmmwavelink_xwr18xx.aer4f : rl_driver.oer4f (.text:rlDeviceIdentifyCmdDir)
                  0001b048    00000050                                 : rl_driver.oer4f (.text:rlDriverVerifyCRC)
                  0001b098    00000050     rtsv7R4_T_le_v3D16_eabi.lib : atoi.obj (.text)
                  0001b0e8    00000050                                 : exit.obj (.text)
                  0001b138    00000050                                 : u_div32.obj (.text)
                  0001b188    00000006     libmmwavelink_xwr18xx.aer4f : rl_controller.oer4f (.text:rlGetSubBlockId)
                  0001b18e    00000002     --HOLE-- [fill = 0]
                  0001b190    00000050     sysbios.aer4ft : BIOS.obj (.text:xdc_runtime_System_exit__E)
                  0001b1e0    0000004c     libcli_xwr18xx.aer4f : cli.oer4f (.text:CLI_write)
                  0001b22c    0000004c     libedma_xwr18xx.aer4f : edma.oer4f (.text:EDMA_disableChannel)
                  0001b278    0000004c                           : edma.oer4f (.text:EDMA_enableChannel)
                  0001b2c4    0000004c     libmailbox_xwr18xx.aer4f : mailbox.oer4f (.text:Mailbox_boxEmptyISRProcessing)
                  0001b310    0000004c     libqspiflash_xwr18xx.aer4f : qspiflash_device_macronix.oer4f (.text:QSPIFlash_macronix_init)
                  0001b35c    0000004c     libuart_xwr18xx.aer4f : uartsci.oer4f (.text:UartSci_writeCancel)
                  0001b3a8    0000004c     rtsv7R4_T_le_v3D16_eabi.lib : cpy_tbl.obj (.text)
                  0001b3f4    0000000a     libosal_xwr18xx.aer4f : MemoryP_tirtos.oer4f (.text:MemoryP_ctrlFree)
                  0001b3fe    00000002     --HOLE-- [fill = 0]
                  0001b400    0000004c     sysbios.aer4ft : BIOS.obj (.text:ti_sysbios_family_arm_v7r_vim_Hwi_getStackInfo__E)
                  0001b44c    0000004c     mmw_mss_per4ft.oer4ft (.text:ti_sysbios_knl_Task_create)
                  0001b498    00000006     libmmwavelink_xwr18xx.aer4f : rl_controller.oer4f (.text:rlGetSubBlockLen)
                  0001b49e    00000002     --HOLE-- [fill = 0]
                  0001b4a0    0000004c     sysbios.aer4ft : BIOS.obj (.text:ti_sysbios_knl_Task_stat__E)
                  0001b4ec    00000004     mss_main.oer4f (.text:MmwDemo_sleep)
                  0001b4f0    0000004c     sysbios.aer4ft : BIOS.obj (.text:ti_sysbios_utils_Load_taskSwitchHook__E)
                  0001b53c    0000004a     libdpm_xwr18xx.aer4f : dpm_mailbox.oer4f (.text:DPM_mboxSendResult)
                  0001b586    0000004a     libmailbox_xwr18xx.aer4f : mailbox.oer4f (.text:Mailbox_boxFullISRProcessing)
                  0001b5d0    0000004a     sysbios.aer4ft : BIOS.obj (.text:xdc_runtime_Core_assignParams__I)
                  0001b61a    00000006                    : a15_TimestampProvider_asm.obj (.text:ti_sysbios_family_arm_a15_TimestampProvider_get32__E)
                  0001b620    0000004a                    : BIOS.obj (.text:xdc_runtime_Text_xprintf__I)
                  0001b66a    00000002     --HOLE-- [fill = 0]
                  0001b66c    00000049     mmw_lvds_stream.oer4f (.text:MmwDemo_LVDSStream_EDMAAllocateCBUFFChannel)
                  0001b6b5    00000001     --HOLE-- [fill = 0]
                  0001b6b6    00000048     libcbuff_xwr18xx.aer4f : cbuff_transfer.oer4f (.text:CBUFF_setup_USER)
                  0001b6fe    00000048     libdpm_xwr18xx.aer4f : dpm_pipe.oer4f (.text:DPM_pipeRecv)
                  0001b746    00000002     --HOLE-- [fill = 0]
                  0001b748    00000048     mss_main.oer4f (.text:MmwDemo_resetStaticCfgPendingState)
                  0001b790    00000048     mmwdemo_flash.oer4f (.text:mmwDemo_flashWrite)
                  0001b7d8    00000048     libmmwavelink_xwr18xx.aer4f : rl_device.oer4f (.text:rlDeviceGetVersion)
                  0001b820    00000048                                 : rl_driver.oer4f (.text:rlDriverOsiInit)
                  0001b868    00000048     mmw_mss_per4ft.oer4ft (.text:xdc_runtime_LoggerBuf_Object__create__S)
                  0001b8b0    00000046     libmailbox_xwr18xx.aer4f : mailbox.oer4f (.text:CSL_FINSR)
                  0001b8f6    00000002     --HOLE-- [fill = 0]
                  0001b8f8    00000045     libspi_xwr18xx.aer4f : mibspi_dma.oer4f (.text:MIBSPI_enablePinSettings)
                  0001b93d    00000003     --HOLE-- [fill = 0]
                  0001b940    00000044     libadcbuf_xwr18xx.aer4f : adcbuf_mmwave.oer4f (.text:ADCBUF_MMWave_close)
                  0001b984    00000044     libcrc_xwr18xx.aer4f : crc.oer4f (.text:CRC_resetSignature)
                  0001b9c8    00000044     libdpm_xwr18xx.aer4f : dpm_core.oer4f (.text:DPM_start)
                  0001ba0c    00000044                          : dpm_core.oer4f (.text:DPM_stop)
                  0001ba50    00000044     libedma_xwr18xx.aer4f : edma.oer4f (.text:EDMA_linkParamSets)
                  0001ba94    00000044     libmailbox_xwr18xx.aer4f : mailbox.oer4f (.text:Mailbox_boxFullISRMssDss)
                  0001bad8    00000044     libsoc_xwr18xx.aer4f : soc_xwr18xx_mss.oer4f (.text:SOC_resetDMA)
                  0001bb1c    00000044     rtsv7R4_T_le_v3D16_eabi.lib : hostclose.obj (.text)
                  0001bb60    00000044                                 : hostunlink.obj (.text)
                  0001bba4    0000000a     mss_main.oer4f (.text:MmwDemo_resetDynObjDetCfgPendingState)
                  0001bbae    00000002     --HOLE-- [fill = 0]
                  0001bbb0    00000044     sysbios.aer4ft : BIOS.obj (.text:ti_sysbios_family_arm_v7r_tms570_Core_Module_startup__E)
                  0001bbf4    0000000a     libspi_xwr18xx.aer4f : SPI.oer4f (.text:SPI_transfer)
                  0001bbfe    00000002     --HOLE-- [fill = 0]
                  0001bc00    00000044     sysbios.aer4ft : BIOS.obj (.text:ti_sysbios_knl_Task_allBlockedFunction__I)
                  0001bc44    0000000a     libosal_xwr18xx.aer4f : SemaphoreP_tirtos.oer4f (.text:SemaphoreP_post)
                  0001bc4e    00000002     --HOLE-- [fill = 0]
                  0001bc50    00000044     sysbios.aer4ft : BIOS.obj (.text:xdc_runtime_LoggerBuf_Module_startup__E)
                  0001bc94    0000000a     libuart_xwr18xx.aer4f : UART.oer4f (.text:UART_close)
                  0001bc9e    00000002     --HOLE-- [fill = 0]
                  0001bca0    00000044     sysbios.aer4ft : BIOS.obj (.text:xdc_runtime_System_atexit__E)
                  0001bce4    00000042     libcbuff_xwr18xx.aer4f : cbuff_lvds.oer4f (.text:CBUFF_closeLVDS)
                  0001bd26    00000042     libedma_xwr18xx.aer4f : edma.oer4f (.text:EDMA_transferController_error_isr)
                  0001bd68    00000042     libmmwave_xwr18xx.aer4f : mmwave_link.oer4f (.text:MMWave_executeLink)
                  0001bdaa    00000042     libmmwavelink_xwr18xx.aer4f : rl_controller.oer4f (.text:rlGetSubBlock)
                  0001bdec    00000040     libspi_xwr18xx.aer4f : mibspi_dma.oer4f (.text:MIBSPI_sysDmaChanInit)
                  0001be2c    00000040     mmw_cli.oer4f (.text:MmwDemo_CLIClutterRemoval)
                  0001be6c    00000040     mmw_cli.oer4f (.text:MmwDemo_CLIExtendedMaxVelocity)
                  0001beac    00000040     libqspiflash_xwr18xx.aer4f : qspiflash.oer4f (.text:QSPIFlash_progQuadRead)
                  0001beec    00000040                                : qspiflash_device_spansion.oer4f (.text:QSPIFlash_spansion_init)
                  0001bf2c    00000040     libmmwavelink_xwr18xx.aer4f : rl_driver.oer4f (.text:rlDriverValidateHdr)
                  0001bf6c    00000040     rtsv7R4_T_le_v3D16_eabi.lib : strtok.obj (.text)
                  0001bfac    00000004     libsoc_xwr18xx.aer4f : soc_xwr18xx.oer4f (.text:SOC_gateClock)
                  0001bfb0    00000040     sysbios.aer4ft : BIOS.obj (.text:ti_sysbios_timers_rti_Timer_stop__E)
                  0001bff0    0000003e     libadcbuf_xwr18xx.aer4f : adcbuf_mmwave.oer4f (.text:CSL_FINSR)
                  0001c02e    0000003e     libcbuff_xwr18xx.aer4f : cbuff.oer4f (.text:CSL_FINSR)
                  0001c06c    0000003e                            : cbuff_lvds.oer4f (.text:CSL_FINSR)
                  0001c0aa    0000003e     libcrc_xwr18xx.aer4f : crc.oer4f (.text:CSL_FINSR)
                  0001c0e8    0000003e     libdma_xwr18xx.aer4f : dma.oer4f (.text:CSL_FINSR)
                  0001c126    0000003e     libgpio_xwr18xx.aer4f : gpio.oer4f (.text:CSL_FINSR)
                  0001c164    0000003e     libpinmux_xwr18xx.aer4f : pinmux.oer4f (.text:CSL_FINSR)
                  0001c1a2    0000003e     libqspi_xwr18xx.aer4f : qspi.oer4f (.text:CSL_FINSR)
                  0001c1e0    0000003e     libsoc_xwr18xx.aer4f : soc.oer4f (.text:CSL_FINSR)
                  0001c21e    0000003e                          : soc_xwr18xx.oer4f (.text:CSL_FINSR)
                  0001c25c    0000003e                          : soc_xwr18xx_mss.oer4f (.text:CSL_FINSR)
                  0001c29a    0000003e     libspi_xwr18xx.aer4f : mibspi_dma.oer4f (.text:CSL_FINSR)
                  0001c2d8    0000003e     libuart_xwr18xx.aer4f : uartsci.oer4f (.text:CSL_FINSR)
                  0001c316    0000003e     libdpm_xwr18xx.aer4f : dpm_msg.oer4f (.text:DPM_msgStopHandler)
                  0001c354    0000003e     libmmwave_xwr18xx.aer4f : mmwave.oer4f (.text:MMWave_decodeError)
                  0001c392    0000003e     libuart_xwr18xx.aer4f : uartsci.oer4f (.text:UartSci_close)
                  0001c3d0    0000003e     mmwdemo_monitor.oer4f (.text:mmwDemo_cfgAnalogMonitor)
                  0001c40e    0000003c     libcbuff_xwr18xx.aer4f : cbuff_transfer.oer4f (.text:CBUFF_configCQEDMA)
                  0001c44a    00000002     --HOLE-- [fill = 0]
                  0001c44c    0000003c     libcli_xwr18xx.aer4f : cli_mmwave.oer4f (.text:CLI_MMWaveFlushCfg)
                  0001c488    0000003c     libedma_xwr18xx.aer4f : edma.oer4f (.text:EDMA_chainChannels)
                  0001c4c4    0000003c                           : edma.oer4f (.text:EDMA_getTransferControllerErrorStatus)
                  0001c500    0000003c     libspi_xwr18xx.aer4f : mibspi_dma.oer4f (.text:MIBSPI_getStats)
                  0001c53c    0000003c     libmailbox_xwr18xx.aer4f : mailbox.oer4f (.text:Mailbox_writeReset)
                  0001c578    0000003c     libsoc_xwr18xx.aer4f : soc.oer4f (.text:SOC_unhaltBSS)
                  0001c5b4    0000003c     sysbios.aer4ft : vim_Hwi_asm.obj (.text:ti_sysbios_family_arm_v7r_vim_Hwi_init__I)
                  0001c5f0    0000003c                    : BIOS.obj (.text:ti_sysbios_hal_Hwi_checkStack)
                  0001c62c    00000004     libsoc_xwr18xx.aer4f : soc_xwr18xx.oer4f (.text:SOC_ungateClock)
                  0001c630    0000003c     sysbios.aer4ft : BIOS.obj (.text:ti_sysbios_heaps_HeapMem_init__I)
                  0001c66c    0000003a     libosal_xwr18xx.aer4f : HwiP_tirtos.oer4f (.text:HwiP_delete)
                  0001c6a6    00000038     libcbuff_xwr18xx.aer4f : cbuff_transfer.oer4f (.text:CBUFF_addUserBufferLLEntry)
                  0001c6de    00000038                            : cbuff_transfer.oer4f (.text:CBUFF_setupHeader)
                  0001c716    00000002     --HOLE-- [fill = 0]
                  0001c718    00000038     libcli_xwr18xx.aer4f : cli_mmwave.oer4f (.text:CLI_MMWaveExtensionInit)
                  0001c750    00000038     libedma_xwr18xx.aer4f : edma_low_level.oer4f (.text:EDMA3ClrMissEvt)
                  0001c788    00000038     libspi_xwr18xx.aer4f : SPI.oer4f (.text:SPI_init)
                  0001c7c0    00000038                          : SPI.oer4f (.text:SPI_open)
                  0001c7f8    00000038     libuart_xwr18xx.aer4f : UART.oer4f (.text:UART_init)
                  0001c830    00000036     libmmwavelink_xwr18xx.aer4f : rl_controller.oer4f (.text:rlAppendSubBlock)
                  0001c866    00000036     rtsv7R4_T_le_v3D16_eabi.lib : strncpy.obj (.text)
                  0001c89c    00000034     libadcbuf_xwr18xx.aer4f : ADCBuf.oer4f (.text:ADCBuf_open)
                  0001c8d0    00000034     libedma_xwr18xx.aer4f : edma.oer4f (.text:EDMA_configTransferControllerError)
                  0001c904    00000034     libspi_xwr18xx.aer4f : mibspi_dma.oer4f (.text:MIBSPI_checkTGComplete)
                  0001c938    00000034     libmmwave_xwr18xx.aer4f : mmwave_link.oer4f (.text:MMWave_mboxWrite)
                  0001c96c    00000034     libsoc_xwr18xx.aer4f : soc_xwr18xx_mss.oer4f (.text:SOC_isSecureDevice)
                  0001c9a0    00000034                          : soc_xwr18xx.oer4f (.text:SOC_setMMWaveDSSLinkState)
                  0001c9d4    00000034                          : soc_xwr18xx.oer4f (.text:SOC_setMMWaveMSSLinkState)
                  0001ca08    00000034                          : soc_xwr18xx.oer4f (.text:SOC_setMSSLinkState)
                  0001ca3c    00000034     libspi_xwr18xx.aer4f : SPI.oer4f (.text:SPI_Params_init)
                  0001ca70    00000034     libuart_xwr18xx.aer4f : UART.oer4f (.text:UART_open)
                  0001caa4    0000000a                           : UART.oer4f (.text:UART_read)
                  0001caae    00000002     --HOLE-- [fill = 0]
                  0001cab0    00000034     sysbios.aer4ft : BIOS.obj (.text:ti_sysbios_family_arm_a15_TimestampProvider_get64__E)
                  0001cae4    00000034     mmw_mss_per4ft.oer4ft (.text:ti_sysbios_knl_Semaphore_create)
                  0001cb18    00000032     libcrc_xwr18xx.aer4f : crc.oer4f (.text:CRC_getCRCDataSelectBitValue)
                  0001cb4a    00000002     --HOLE-- [fill = 0]
                  0001cb4c    00000032                          : crc.oer4f (.text:CRC_getCRCTypeBitValue)
                  0001cb7e    00000032     libedma_xwr18xx.aer4f : edma.oer4f (.text:EDMA_configQueueThreshold)
                  0001cbb0    00000032     sysbios.aer4ft : BIOS.obj (.text:ti_sysbios_hal_Hwi_initStack)
                  0001cbe2    00000002     --HOLE-- [fill = 0]
                  0001cbe4    00000030     libadcbuf_xwr18xx.aer4f : ADCBuf.oer4f (.text:ADCBuf_init)
                  0001cc14    00000030     libcbuff_xwr18xx.aer4f : cbuff_transfer.oer4f (.text:CBUFF_addCQLLEntry)
                  0001cc44    00000030     libmmwave_xwr18xx.aer4f : mmwave_listlib.oer4f (.text:MMWave_listRemoveNode)
                  0001cc74    00000030     libsoc_xwr18xx.aer4f : soc.oer4f (.text:SOC_getDevicePartNumber)
                  0001cca4    00000030     libmmwavelink_xwr18xx.aer4f : rl_sensor.oer4f (.text:rlSensorStart)
                  0001ccd4    00000030     mmw_mss_per4ft.oer4ft (.text:ti_sysbios_BIOS_startFunc__I)
                  0001cd04    0000000a     libuart_xwr18xx.aer4f : UART.oer4f (.text:UART_write)
                  0001cd0e    00000002     --HOLE-- [fill = 0]
                  0001cd10    00000030     sysbios.aer4ft : BIOS.obj (.text:ti_sysbios_family_arm_TaskSupport_start__E)
                  0001cd40    00000030     mmw_mss_per4ft.oer4ft (.text:ti_sysbios_gates_GateHwi_Object__create__S)
                  0001cd70    00000030     mmw_mss_per4ft.oer4ft (.text:ti_sysbios_gates_GateMutex_Object__create__S)
                  0001cda0    00000030     mmw_mss_per4ft.oer4ft (.text:ti_sysbios_heaps_HeapMem_Object__create__S)
                  0001cdd0    00000030     sysbios.aer4ft : BIOS.obj (.text:ti_sysbios_heaps_HeapMem_free__E)
                  0001ce00    00000030     mmw_mss_per4ft.oer4ft (.text:ti_sysbios_knl_Semaphore_construct)
                  0001ce30    0000002f     sysbios.aer4ft : BIOS.obj (.text:xdc_runtime_Text_printVisFxn__I)
                  0001ce5f    00000001     --HOLE-- [fill = 0]
                  0001ce60    0000002e     libdpm_xwr18xx.aer4f : dpm_msg.oer4f (.text:DPM_msgStartHandler)
                  0001ce8e    00000002     --HOLE-- [fill = 0]
                  0001ce90    0000002e     sysbios.aer4ft : BIOS.obj (.text:ti_sysbios_knl_Semaphore_pendTimeout__I)
                  0001cebe    0000002e     mmw_mss_per4ft.oer4ft (.text:ti_sysbios_rts_MemAlloc_alloc)
                  0001ceec    0000002c     libdpm_xwr18xx.aer4f : dpm_pipe.oer4f (.text:DPM_pipeInit)
                  0001cf18    0000002c     libedma_xwr18xx.aer4f : edma.oer4f (.text:EDMA_validate_channelIdchannelType)
                  0001cf44    0000002c     libgpio_xwr18xx.aer4f : gpio.oer4f (.text:GPIO_HighPriorityISR)
                  0001cf70    0000002c                           : gpio.oer4f (.text:GPIO_LowPriorityISR)
                  0001cf9c    0000002c     libmmwave_xwr18xx.aer4f : mmwave_osal.oer4f (.text:MMWave_osalMutexCreate)
                  0001cfc8    0000002c                             : mmwave_osal.oer4f (.text:MMWave_osalSemCreate)
                  0001cff4    0000002c     libsoc_xwr18xx.aer4f : soc_xwr18xx_mss.oer4f (.text:SOC_waitBSSPowerUp)
                  0001d020    0000002c     libmmwavelink_xwr18xx.aer4f : rl_device.oer4f (.text:rlDeviceGetMssVersion)
                  0001d04c    0000002c                                 : rl_sensor.oer4f (.text:rlSensorStop)
                  0001d078    0000002c     rtsv7R4_T_le_v3D16_eabi.lib : unlink.obj (.text)
                  0001d0a4    0000002c     mmw_mss_per4ft.oer4ft (.text:ti_sysbios_BIOS_atExitFunc__I)
                  0001d0d0    0000002c     mmw_mss_per4ft.oer4ft (.text:ti_sysbios_knl_Clock_doTick__I)
                  0001d0fc    0000002c     mmw_mss_per4ft.oer4ft (.text:ti_sysbios_knl_Queue_construct)
                  0001d128    00000004     mmw_mss_per4ft.oer4ft (.text:ti_sysbios_BIOS_RtsGateProxy_enter__E)
                  0001d12c    00000004     mmw_mss_per4ft.oer4ft (.text:ti_sysbios_BIOS_RtsGateProxy_leave__E)
                  0001d130    0000002c     sysbios.aer4ft : BIOS.obj (.text:ti_sysbios_timers_rti_Timer_periodicStub__E)
                  0001d15c    0000002a     libdpm_xwr18xx.aer4f : dpm_pipe.oer4f (.text:DPM_pipeDeinit)
                  0001d186    0000002a     mmwdemo_adcconfig.oer4f (.text:MmwDemo_ADCBufOpen)
                  0001d1b0    0000002a     libsoc_xwr18xx.aer4f : soc.oer4f (.text:SOC_SystemISR)
                  0001d1da    0000002a     libmmwavelink_xwr18xx.aer4f : rl_device.oer4f (.text:rlDeviceGetMmWaveLinkVersion)
                  0001d204    0000002a     rtsv7R4_T_le_v3D16_eabi.lib : strspn.obj (.text)
                  0001d22e    00000002     --HOLE-- [fill = 0]
                  0001d230    00000028     libcbuff_xwr18xx.aer4f : cbuff.oer4f (.text:CBUFF_ErrorISR)
                  0001d258    00000028                            : cbuff.oer4f (.text:CBUFF_FrameStartISR)
                  0001d280    00000028     libdpm_xwr18xx.aer4f : dpm_mailbox.oer4f (.text:DPM_mboxDeinit)
                  0001d2a8    00000028                          : dpm_msg.oer4f (.text:DPM_msgInitHeader)
                  0001d2d0    00000028     libmailbox_xwr18xx.aer4f : mailbox.oer4f (.text:Mailbox_Config_init)
                  0001d2f8    00000028     libqspiflash_xwr18xx.aer4f : qspiflash.oer4f (.text:QSPIFlash_getExtFlashAddr)
                  0001d320    00000028     libuart_xwr18xx.aer4f : uartsci_dma.oer4f (.text:UartSci_RxDMACallbackFxn)
                  0001d348    00000028                           : uartsci_dma.oer4f (.text:UartSci_TxDMACallbackFxn)
                  0001d370    00000028     mmwdemo_flash.oer4f (.text:mmwDemo_flashEraseOneSector)
                  0001d398    00000028     libmmwavelink_xwr18xx.aer4f : rl_driver.oer4f (.text:rlDriverConstructInMsg)
                  0001d3c0    00000028     rtsv7R4_T_le_v3D16_eabi.lib : lseek.obj (.text)
                  0001d3e8    00000028                                 : write.obj (.text)
                  0001d410    00000028     sysbios.aer4ft : BIOS.obj (.text:ti_sysbios_knl_Idle_run__E)
                  0001d438    00000004     mmw_mss_per4ft.oer4ft (.text:ti_sysbios_family_arm_TaskSupport_Module__startupDone__S)
                  0001d43c    00000004     mmw_mss_per4ft.oer4ft (.text:ti_sysbios_family_arm_v7r_vim_Hwi_delete)
                  0001d440    00000028     sysbios.aer4ft : BIOS.obj (.text:xdc_runtime_SysStd_abort__E)
                  0001d468    00000004     mmw_mss_per4ft.oer4ft (.text:ti_sysbios_heaps_HeapMem_Module_GateProxy_enter__E)
                  0001d46c    00000004     mmw_mss_per4ft.oer4ft (.text:ti_sysbios_heaps_HeapMem_Module_GateProxy_leave__E)
                  0001d470    00000028     sysbios.aer4ft : BIOS.obj (.text:xdc_runtime_System_aprintf_va__F)
                  0001d498    00000026     mmwdemo_monitor.oer4f (.text:mmwDemo_cfgRxSaturationMonitor)
                  0001d4be    00000026     libmmwavelink_xwr18xx.aer4f : rl_monitoring.oer4f (.text:rlRfAnaMonConfig)
                  0001d4e4    00000026                                 : rl_sensor.oer4f (.text:rlRfInitCalibConfig)
                  0001d50a    00000026                                 : rl_sensor.oer4f (.text:rlRfRunTimeCalibConfig)
                  0001d530    00000026                                 : rl_monitoring.oer4f (.text:rlRfRxIfSatMonConfig)
                  0001d556    00000026                                 : rl_monitoring.oer4f (.text:rlRfRxSigImgMonConfig)
                  0001d57c    00000026                                 : rl_sensor.oer4f (.text:rlRfSetCalMonFreqLimitConfig)
                  0001d5a2    00000026                                 : rl_sensor.oer4f (.text:rlRfSetDeviceCfg)
                  0001d5c8    00000026                                 : rl_sensor.oer4f (.text:rlRfSetLdoBypassConfig)
                  0001d5ee    00000026                                 : rl_sensor.oer4f (.text:rlSetAdcOutConfig)
                  0001d614    00000026                                 : rl_sensor.oer4f (.text:rlSetBpmCommonConfig)
                  0001d63a    00000026                                 : rl_sensor.oer4f (.text:rlSetChannelConfig)
                  0001d660    00000026                                 : rl_sensor.oer4f (.text:rlSetContModeConfig)
                  0001d686    00000026     rtsv7R4_T_le_v3D16_eabi.lib : memcmp.obj (.text)
                  0001d6ac    00000004     mmw_mss_per4ft.oer4ft (.text:ti_sysbios_knl_Clock_TimerProxy_getMaxTicks__E)
                  0001d6b0    00000026     sysbios.aer4ft : BIOS.obj (.text:xdc_runtime_System_printf_va__F)
                  0001d6d6    00000002     --HOLE-- [fill = 0]
                  0001d6d8    00000025     mss_main.oer4f (.text:_MmwDemo_debugAssert)
                  0001d6fd    00000001     --HOLE-- [fill = 0]
                  0001d6fe    00000024     libcrc_xwr18xx.aer4f : crc.oer4f (.text:CRC_isTransactionIdValid)
                  0001d722    00000002     --HOLE-- [fill = 0]
                  0001d724    00000024     libedma_xwr18xx.aer4f : edma_low_level.oer4f (.text:EDMA3ClrEvt)
                  0001d748    00000024                           : edma_low_level.oer4f (.text:EDMA3ClrIntr)
                  0001d76c    00000024                           : edma_low_level.oer4f (.text:EDMA3DisableDmaEvt)
                  0001d790    00000024                           : edma_low_level.oer4f (.text:EDMA3DisableEvtIntr)
                  0001d7b4    00000024                           : edma_low_level.oer4f (.text:EDMA3EnableDmaEvt)
                  0001d7d8    00000024                           : edma_low_level.oer4f (.text:EDMA3EnableEvtIntr)
                  0001d7fc    00000024                           : edma.oer4f (.text:EDMA_clearTransferControllerErrors)
                  0001d820    00000024     libgpio_xwr18xx.aer4f : gpio.oer4f (.text:GPIO_processInterrupt)
                  0001d844    00000024     libhsiheader_xwr18xx.aer4f : hsiheader.oer4f (.text:HSIHeader_processUserBuffer)
                  0001d868    00000024     libsoc_xwr18xx.aer4f : soc_xwr18xx.oer4f (.text:SOC_isDSSOperational)
                  0001d88c    00000024                          : soc_xwr18xx.oer4f (.text:SOC_isMMWaveDSSOperational)
                  0001d8b0    00000024                          : soc_xwr18xx.oer4f (.text:SOC_isMMWaveMSSOperational)
[...]
0001fab0  ti_sysbios_knl_Task_Module__diagsIncluded__C                         
0001fab4  ti_sysbios_knl_Task_Module__diagsMask__C                             
0001fab8  ti_sysbios_knl_Task_Module__loggerFxn2__C                            
0001fabc  ti_sysbios_knl_Task_Module__loggerFxn4__C                            
0001fac0  ti_sysbios_knl_Task_Module__loggerObj__C                             
0001fac4  ti_sysbios_knl_Task_Object__count__C                                 
0001fac8  ti_sysbios_knl_Task_Object__heap__C                                  
0001facc  ti_sysbios_knl_Task_allBlockedFunc__C                                
0001fad0  ti_sysbios_knl_Task_defaultStackHeap__C                              
0001fad4  ti_sysbios_knl_Task_defaultStackSize__C                              
0001fad8  ti_sysbios_knl_Task_numConstructedTasks__C                           
0001fadc  ti_sysbios_timers_rti_Timer_E_cannotSupport__C                       
0001fae0  ti_sysbios_timers_rti_Timer_Module__diagsEnabled__C                  
0001fae4  ti_sysbios_timers_rti_Timer_Module__diagsIncluded__C                 
0001fae8  ti_sysbios_timers_rti_Timer_Module__diagsMask__C                     
0001faec  ti_sysbios_timers_rti_Timer_numTimerDevices__C                       
0001faf0  ti_sysbios_timers_rti_Timer_startupNeeded__C                         
0001faf4  ti_sysbios_utils_Load_LS_cpuLoad__C                                  
0001faf8  ti_sysbios_utils_Load_LS_taskLoad__C                                 
0001fafc  ti_sysbios_utils_Load_Module_State_taskList__O                       
0001fb00  ti_sysbios_utils_Load_Module__diagsEnabled__C                        
0001fb04  ti_sysbios_utils_Load_Module__diagsIncluded__C                       
0001fb08  ti_sysbios_utils_Load_Module__diagsMask__C                           
0001fb0c  ti_sysbios_utils_Load_Module__loggerFxn1__C                          
0001fb10  ti_sysbios_utils_Load_Module__loggerFxn4__C                          
0001fb14  ti_sysbios_utils_Load_Module__loggerObj__C                           
0001fb18  ti_sysbios_utils_Load_postUpdate__C                                  
0001fb1c  ti_sysbios_utils_Load_windowInMs__C                                  
0001fb20  xdc_runtime_Assert_E_assertFailed__C                                 
0001fb24  xdc_runtime_Core_A_initializedParams__C                              
0001fb28  xdc_runtime_Core_Module__diagsEnabled__C                             
0001fb2c  xdc_runtime_Core_Module__diagsIncluded__C                            
0001fb30  xdc_runtime_Core_Module__diagsMask__C                                
0001fb34  xdc_runtime_Error_E_memory__C                                        
0001fb38  xdc_runtime_Error_Module__diagsEnabled__C                            
0001fb3c  xdc_runtime_Error_Module__diagsIncluded__C                           
0001fb40  xdc_runtime_Error_Module__diagsMask__C                               
0001fb44  xdc_runtime_Error_Module__loggerFxn8__C                              
0001fb48  xdc_runtime_Error_Module__loggerObj__C                               
0001fb4c  xdc_runtime_Error_policyFxn__C                                       
0001fb50  xdc_runtime_Error_policy__C                                          
0001fb54  xdc_runtime_Error_raiseHook__C                                       
0001fb58  xdc_runtime_IFilterLogger_Interface__BASE__C                         
0001fb5c  xdc_runtime_IGateProvider_Interface__BASE__C                         
0001fb60  xdc_runtime_IHeap_Interface__BASE__C                                 
0001fb64  xdc_runtime_ILogger_Interface__BASE__C                               
0001fb68  xdc_runtime_IModule_Interface__BASE__C                               
0001fb6c  xdc_runtime_Log_L_error__C                                           
0001fb70  xdc_runtime_LoggerBuf_E_badLevel__C                                  
0001fb74  xdc_runtime_LoggerBuf_Module__gateObj__C                             
0001fb78  xdc_runtime_LoggerBuf_Object__count__C                               
0001fb7c  xdc_runtime_LoggerBuf_statusLogger__C                                
0001fb80  xdc_runtime_Main_Module__diagsEnabled__C                             
0001fb84  xdc_runtime_Main_Module__diagsIncluded__C                            
0001fb88  xdc_runtime_Main_Module__diagsMask__C                                
0001fb8c  xdc_runtime_Main_Module__loggerFxn1__C                               
0001fb90  xdc_runtime_Main_Module__loggerFxn2__C                               
0001fb94  xdc_runtime_Main_Module__loggerFxn4__C                               
0001fb98  xdc_runtime_Main_Module__loggerObj__C                                
0001fb9c  xdc_runtime_Memory_defaultHeapInstance__C                            
0001fba0  xdc_runtime_Startup_execImpl__C                                      
0001fba4  xdc_runtime_Startup_maxPasses__C                                     
0001fba8  xdc_runtime_Startup_sfxnRts__C                                       
0001fbac  xdc_runtime_Startup_sfxnTab__C                                       
0001fbb0  xdc_runtime_System_Module__gateObj__C                                
0001fbb4  xdc_runtime_System_abortFxn__C                                       
0001fbb8  xdc_runtime_System_exitFxn__C                                        
0001fbbc  xdc_runtime_System_extendFxn__C                                      
0001fbc0  xdc_runtime_System_maxAtexitHandlers__C                              
0001fbc4  xdc_runtime_Text_charTab__C                                          
0001fbc8  xdc_runtime_Text_nameEmpty__C                                        
0001fbcc  xdc_runtime_Text_nameStatic__C                                       
0001fbd0  xdc_runtime_Text_nameUnknown__C                                      
0001fbd4  xdc_runtime_Text_visitRopeFxn__C                                     
0001fbd8  ti_sysbios_family_arm_exc_Exception_Module__id__C                    
0001fbda  ti_sysbios_family_arm_v7a_Pmu_Module__id__C                          
0001fbdc  ti_sysbios_family_arm_v7r_tms570_Core_Module__id__C                  
0001fbde  ti_sysbios_family_arm_v7r_vim_Hwi_Module__id__C                      
0001fbe0  ti_sysbios_family_arm_v7r_vim_Hwi_Module__loggerDefined__C           
0001fbe2  ti_sysbios_gates_GateMutex_Module__id__C                             
0001fbe4  ti_sysbios_hal_Hwi_Module__id__C                                     
0001fbe6  ti_sysbios_heaps_HeapMem_Module__id__C                               
0001fbe8  ti_sysbios_knl_Clock_Module__id__C                                   
0001fbea  ti_sysbios_knl_Clock_Module__loggerDefined__C                        
0001fbec  ti_sysbios_knl_Semaphore_Module__id__C                               
0001fbee  ti_sysbios_knl_Semaphore_Module__loggerDefined__C                    
0001fbf0  ti_sysbios_knl_Task_Module__id__C                                    
0001fbf2  ti_sysbios_knl_Task_Module__loggerDefined__C                         
0001fbf4  ti_sysbios_timers_rti_Timer_Module__id__C                            
0001fbf6  ti_sysbios_timers_rti_Timer_continueOnSuspend__C                     
0001fbf8  ti_sysbios_utils_Load_Module__id__C                                  
0001fbfa  ti_sysbios_utils_Load_Module__loggerDefined__C                       
0001fbfc  ti_sysbios_utils_Load_autoAddTasks__C                                
0001fbfe  ti_sysbios_utils_Load_updateInIdle__C                                
0001fc00  xdc_runtime_Core_Module__id__C                                       
0001fc02  xdc_runtime_Error_Module__loggerDefined__C                           
0001fc04  xdc_runtime_Error_maxDepth__C                                        
0001fc06  xdc_runtime_LoggerBuf_Module__id__C                                  
0001fc08  xdc_runtime_LoggerBuf_filterByLevel__C                               
0001fc0a  xdc_runtime_Main_Module__id__C                                       
0001fc0c  xdc_runtime_Main_Module__loggerDefined__C                            
0001fc0e  xdc_runtime_Memory_Module__id__C                                     
0001fc10  xdc_runtime_Text_charCnt__C                                          
0001fc12  xdc_runtime_Text_isLoaded__C                                         
0001fc14  xdc_runtime_Text_registryModsLastId__C                               
0001fc16  xdc_runtime_Text_unnamedModsLastId__C                                
0001fc18  __TI_static_base__                                                   
00020138  __TI_Handler_Table_Base                                              
00020144  __TI_Handler_Table_Limit                                             
00020160  __TI_CINIT_Base                                                      
00020180  __TI_CINIT_Limit                                                     
08000000  ti_sysbios_heaps_HeapMem_Instance_State_0_buf__A                     
08008000  xdc_runtime_LoggerBuf_Instance_State_0_entryArr__A                   
08009900  ti_sysbios_family_arm_exc_Exception_Module_State_0_excStack_0__A     
0800a900  ti_sysbios_knl_Task_Instance_State_0_stack__A                        
0800ac20  gCLI                                                                 
0800adc8  gGPIOMCB                                                             
0800af5c  __CIOBUF_                                                            
0800b07c  gMMWave_MCB                                                          
0800b17c  __TI_tmpnams                                                         
0800b21c  ti_sysbios_knl_Task_Instance_State_0_hookEnv__A                      
0800b220  gHSIHeaderMCB                                                        
0800b2b0  gEsmMCB                                                              
0800b320  gMmwDemoFlash                                                        
0800b32c  gDMADriverPtr                                                        
0800b334  gMMWave_DualcoreMCB                                                  
0800b33c  parmbuf                                                              
0800b348  spi_ready                                                            
0800b34a  gRFLdoBypassCfg                                                      
0800b350  spi_pkt                                                              
0800b358  gCalibDataStorage                                                    
0800b7b8  gMmwMssMCB                                                           
0800bf98  gEDMA_4K_errata_check                                                
0800bf9c  edmaDbg                                                              
0800c484  rl_txMsg                                                             
0800c584  rl_rxMsg                                                             
0800c86c  gQSPIFlashHwCfg                                                      
0800c870  gCLI_mmwave_freq_scale_factor                                        
0800c878  gCLIMMWaveOpenCfg                                                    
0800c8a0  gCLIMMWaveExtensionTable                                             
0800c948  partInfoStringArray                                                  
0800ca08  gCLIMMWaveControlCfg                                                 
0800cad8  ti_sysbios_family_arm_v7r_vim_Hwi_Module_State_0_dispatchTable__A    
0800ccd8  _ftable                                                              
0800cdc8  ti_sysbios_utils_Load_Module__state__V                               
0800ce60  ti_sysbios_knl_Task_Module_State_0_readyQ__A                         
0800cee0  _device                                                              
0800cf58  gCBUFFHwAttribute                                                    
0800cfd0  gDMAHwCfg                                                            
0800d030  ti_sysbios_knl_Task_Object__table__V                                 
0800d08c  gUartSciHwCfg                                                        
0800d0e4  _stream                                                              
0800d134  gMailboxMCB                                                          
0800d184  ti_sysbios_knl_Task_Module__state__V                                 
0800d1cc  SOC_TranslateAddr_LUT                                                
0800d20c  ti_sysbios_gates_GateMutex_Object__table__V                          
0800d24c  ti_sysbios_timers_rti_Timer_Object__table__V                         
0800d288  gCBUFFInterfaceFxn                                                   
0800d2c0  gSpiHwCfg                                                            
0800d2f8  ti_sysbios_family_arm_v7r_vim_Hwi_Module__state__V                   
0800d32c  ti_sysbios_family_arm_v7r_vim_Hwi_Object__table__V                   
0800d358  ti_sysbios_knl_Clock_Module__state__V                                
0800d384  gUartSciFxnTable                                                     
0800d3ac  SPI_config                                                           
0800d3d0  UART_config                                                          
0800d3f4  ti_sysbios_BIOS_Module__state__V                                     
0800d418  xdc_runtime_LoggerBuf_Object__table__V                               
0800d440  gSOCHwAttrib                                                         
0800d460  gSpiFxnTable                                                         
0800d480  ti_sysbios_knl_Clock_Object__table__V                                
0800d4a0  xdc_runtime_Error_IgnoreBlock                                        
0800d4c0  xdc_runtime_System_Module_State_0_atexitHandlers__A                  
0800d4e0  ti_sysbios_utils_Load_Module_State_0_taskEnv__A                      
0800d4fc  ADCBuf_config                                                        
0800d514  gInterleavedTransferFxn                                              
0800d52c  gMailboxMssBssHwCfg                                                  
0800d544  gMailboxMssDssHwCfg                                                  
0800d55c  gMultipleChirpNonInterleavedTransferFxn                              
0800d574  gNonInterleavedTransferFxn                                           
0800d58c  ti_sysbios_heaps_HeapMem_Object__table__V                            
0800d5a4  ti_sysbios_timers_rti_Timer_Module_State_0_device__A                 
0800d5bc  gDPMRemoteTable                                                      
0800d5d0  ti_sysbios_family_arm_exc_Exception_Module__state__V                 
0800d5e4  DMA_defaultParams                                                    
0800d5f4  gQSPIHwCfg                                                           
0800d604  __TI_ft_end                                                          
0800d608  __aeabi_stdin                                                        
0800d60c  __aeabi_stdout                                                       
0800d610  __aeabi_stderr                                                       
0800d614  ti_sysbios_timers_rti_Timer_Module_State_0_intFreqs__A               
0800d624  ti_sysbios_timers_rti_Timer_Module__state__V                         
0800d634  __TI_cleanup_ptr                                                     
0800d638  __TI_dtors_ptr                                                       
0800d63c  __TI_enable_exit_profile_output                                      
0800d640  gESMHwCfgAttrs                                                       
0800d64c  ti_sysbios_family_arm_v7a_Pmu_Module__state__V                       
0800d658  ti_sysbios_knl_Task_Module__root__V                                  
0800d664  _lock                                                                
0800d668  _unlock                                                              
0800d66c  MmwDemo_RFParserHwCfg                                                
0800d674  QSPIFlash_deviceFxnTbl_macronix                                      
0800d67c  QSPIFlash_deviceFxnTbl_spansion                                      
0800d684  gDPMHwAttrib                                                         
0800d68c  gGPIOHwAtrrib                                                        
0800d694  ti_sysbios_family_arm_v7r_vim_Hwi_Module__root__V                    
0800d69c  ti_sysbios_gates_GateHwi_Module__root__V                             
0800d6a4  ti_sysbios_gates_GateMutex_Module__root__V                           
0800d6ac  ti_sysbios_hal_Hwi_Object__table__V                                  
0800d6b4  ti_sysbios_heaps_HeapMem_Module__root__V                             
0800d6bc  ti_sysbios_knl_Queue_Module__root__V                                 
0800d6c4  ti_sysbios_knl_Semaphore_Module__root__V                             
0800d6cc  ti_sysbios_timers_rti_Timer_Module_State_0_handles__A                
0800d6d4  xdc_runtime_LoggerBuf_Module__root__V                                
0800d6dc  xdc_runtime_Registry_Module__state__V                                
0800d6e4  xdc_runtime_Startup_Module__state__V                                 
0800d6ec  xdc_runtime_System_Module__state__V                                  
0800d6f4  xdc_runtime_LoggerBuf_Module__state__V                               
0800d6fa  ti_sysbios_family_arm_exc_Exception_Module_State_0_excActive__A      
0800d6fc  gCRCRegister                                                         
0800d700  gDPM                                                                 
0800d704  regionId                                                             
0800d708  gPinmuxRegs                                                          
0800d70c  gQSPIDriverPtr                                                       
0800d718  errno                                                                
0800d724  main_func_sp                                                         
0800d72c  ti_sysbios_family_arm_a15_TimestampProvider_Module__state__V         
0800d730  ti_sysbios_family_arm_exc_Exception_Module_State_0_excContext__A     
0800d734  ti_sysbios_family_arm_exc_Exception_Module_State_0_excStackBuffers__A
0800d738  ti_sysbios_family_arm_exc_Exception_Module_State_0_excStack__A       
0800d73c  ti_sysbios_gates_GateHwi_Object__table__V                            
0800d740  ti_sysbios_heaps_HeapBuf_Module__state__V                            
0800d744  ti_sysbios_knl_Task_Module_State_0_idleTask__A                       
0800d748  ti_sysbios_utils_Load_Module_State_0_runningTask__A                  
0800d74c  ti_sysbios_utils_Load_Module_State_0_taskStartTime__A                
0800d750  xdc_runtime_Memory_Module__state__V                                  
0800d754  xdc_runtime_Error_Module__state__V                                   
0800d756  xdc_runtime_Main_Module__root__V                                     
0800d758  ti_sysbios_family_arm_v7r_vim_Hwi_Module_State_0_fiqStack__A         
0800df58  __stack                                                              
0800e758  __STACK_END                                                          
fffffdec  ti_sysbios_family_arm_v7r_vim_Hwi_vim                                
ffffffff  __TI_pprof_out_hndl                                                  
ffffffff  __TI_prof_data_size                                                  
ffffffff  __TI_prof_data_start                                                 
ffffffff  __binit__                                                            
ffffffff  __c_args__                                                           
ffffffff  binit                                                                
UNDEFED   SHT$$INIT_ARRAY$$Base                                                
UNDEFED   SHT$$INIT_ARRAY$$Limit                                               

[1161 symbols]
